                                      1 ;--------------------------------------------------------
                                      2 ; File Created by SDCC : free open source ISO C Compiler 
                                      3 ; Version 4.4.0 #14620 (Linux)
                                      4 ;--------------------------------------------------------
                                      5 	.module main
                                      6 	.optsdcc -mstm8
                                      7 	
                                      8 ;--------------------------------------------------------
                                      9 ; Public variables in this module
                                     10 ;--------------------------------------------------------
                                     11 	.globl _main
                                     12 	.globl _milis
                                     13 	.globl _init_milis
                                     14 	.globl _TIM3_ITConfig
                                     15 	.globl _TIM3_Cmd
                                     16 	.globl _TIM3_TimeBaseInit
                                     17 	.globl _GPIO_Init
                                     18 	.globl _CLK_HSIPrescalerConfig
                                     19 	.globl _init
                                     20 ;--------------------------------------------------------
                                     21 ; ram data
                                     22 ;--------------------------------------------------------
                                     23 	.area DATA
                                     24 ;--------------------------------------------------------
                                     25 ; ram data
                                     26 ;--------------------------------------------------------
                                     27 	.area INITIALIZED
                                     28 ;--------------------------------------------------------
                                     29 ; Stack segment in internal ram
                                     30 ;--------------------------------------------------------
                                     31 	.area SSEG
      000000                         32 __start__stack:
      000000                         33 	.ds	1
                                     34 
                                     35 ;--------------------------------------------------------
                                     36 ; absolute external ram data
                                     37 ;--------------------------------------------------------
                                     38 	.area DABS (ABS)
                                     39 
                                     40 ; default segment ordering for linker
                                     41 	.area HOME
                                     42 	.area GSINIT
                                     43 	.area GSFINAL
                                     44 	.area CONST
                                     45 	.area INITIALIZER
                                     46 	.area CODE
                                     47 
                                     48 ;--------------------------------------------------------
                                     49 ; interrupt vector
                                     50 ;--------------------------------------------------------
                                     51 	.area HOME
      000000                         52 __interrupt_vect:
      000000 82v00u00u00             53 	int s_GSINIT ; reset
      000004 82v00u00u00             54 	int _TRAP_IRQHandler ; trap
      000008 82v00u00u00             55 	int _TLI_IRQHandler ; int0
      00000C 82v00u00u00             56 	int _AWU_IRQHandler ; int1
      000010 82v00u00u00             57 	int _CLK_IRQHandler ; int2
      000014 82v00u00u00             58 	int _EXTI_PORTA_IRQHandler ; int3
      000018 82v00u00u00             59 	int _EXTI_PORTB_IRQHandler ; int4
      00001C 82v00u00u00             60 	int _EXTI_PORTC_IRQHandler ; int5
      000020 82v00u00u00             61 	int _EXTI_PORTD_IRQHandler ; int6
      000024 82v00u00u00             62 	int _EXTI_PORTE_IRQHandler ; int7
      000028 82v00u00u00             63 	int _CAN_RX_IRQHandler ; int8
      00002C 82v00u00u00             64 	int _CAN_TX_IRQHandler ; int9
      000030 82v00u00u00             65 	int _SPI_IRQHandler ; int10
      000034 82v00u00u00             66 	int _TIM1_UPD_OVF_TRG_BRK_IRQHandler ; int11
      000038 82v00u00u00             67 	int _TIM1_CAP_COM_IRQHandler ; int12
      00003C 82v00u00u00             68 	int _TIM2_UPD_OVF_BRK_IRQHandler ; int13
      000040 82v00u00u00             69 	int _TIM2_CAP_COM_IRQHandler ; int14
      000044 82v00u00u00             70 	int _TIM3_UPD_OVF_BRK_IRQHandler ; int15
      000048 82v00u00u00             71 	int _TIM3_CAP_COM_IRQHandler ; int16
      00004C 82v00u00u00             72 	int _UART1_TX_IRQHandler ; int17
      000050 82v00u00u00             73 	int _UART1_RX_IRQHandler ; int18
      000054 82v00u00u00             74 	int _I2C_IRQHandler ; int19
      000058 82v00u00u00             75 	int _UART3_TX_IRQHandler ; int20
      00005C 82v00u00u00             76 	int _UART3_RX_IRQHandler ; int21
      000060 82v00u00u00             77 	int _ADC2_IRQHandler ; int22
      000064 82v00u00u00             78 	int _TIM4_UPD_OVF_IRQHandler ; int23
      000068 82v00u00u00             79 	int _EEPROM_EEC_IRQHandler ; int24
                                     80 ;--------------------------------------------------------
                                     81 ; global & static initialisations
                                     82 ;--------------------------------------------------------
                                     83 	.area HOME
                                     84 	.area GSINIT
                                     85 	.area GSFINAL
                                     86 	.area GSINIT
      000000 CDr00r00         [ 4]   87 	call	___sdcc_external_startup
      000003 4D               [ 1]   88 	tnz	a
      000004 27 03            [ 1]   89 	jreq	__sdcc_init_data
      000006 CCr00r6C         [ 2]   90 	jp	__sdcc_program_startup
      000009                         91 __sdcc_init_data:
                                     92 ; stm8_genXINIT() start
      000009 AEr00r00         [ 2]   93 	ldw x, #l_DATA
      00000C 27 07            [ 1]   94 	jreq	00002$
      00000E                         95 00001$:
      00000E 72 4FuFFuFF      [ 1]   96 	clr (s_DATA - 1, x)
      000012 5A               [ 2]   97 	decw x
      000013 26 F9            [ 1]   98 	jrne	00001$
      000015                         99 00002$:
      000015 AEr00r00         [ 2]  100 	ldw	x, #l_INITIALIZER
      000018 27 09            [ 1]  101 	jreq	00004$
      00001A                        102 00003$:
      00001A D6uFFuFF         [ 1]  103 	ld	a, (s_INITIALIZER - 1, x)
      00001D D7uFFuFF         [ 1]  104 	ld	(s_INITIALIZED - 1, x), a
      000020 5A               [ 2]  105 	decw	x
      000021 26 F7            [ 1]  106 	jrne	00003$
      000023                        107 00004$:
                                    108 ; stm8_genXINIT() end
                                    109 	.area GSFINAL
      000000 CCr00r6C         [ 2]  110 	jp	__sdcc_program_startup
                                    111 ;--------------------------------------------------------
                                    112 ; Home
                                    113 ;--------------------------------------------------------
                                    114 	.area HOME
                                    115 	.area HOME
      00006C                        116 __sdcc_program_startup:
      00006C CCr00r31         [ 2]  117 	jp	_main
                                    118 ;	return from main will return to caller
                                    119 ;--------------------------------------------------------
                                    120 ; code
                                    121 ;--------------------------------------------------------
                                    122 	.area CODE
                           000000   123 	Smain$init$0 ==.
                                    124 ;	./src/main.c: 20: void init(void)
                                    125 ; genLabel
                                    126 ;	-----------------------------------------
                                    127 ;	 function init
                                    128 ;	-----------------------------------------
                                    129 ;	Register assignment is optimal.
                                    130 ;	Stack space usage: 0 bytes.
      000000                        131 _init:
                           000000   132 	Smain$init$1 ==.
                           000000   133 	Smain$init$2 ==.
                                    134 ;	./src/main.c: 22: CLK_HSIPrescalerConfig(CLK_PRESCALER_HSIDIV1);      // taktovani MCU na 16MHz
                                    135 ; genSend
      000000 4F               [ 1]  136 	clr	a
                                    137 ; genCall
      000001 CDr00r00         [ 4]  138 	call	_CLK_HSIPrescalerConfig
                           000004   139 	Smain$init$3 ==.
                                    140 ;	./src/main.c: 23: init_milis();
                                    141 ; genCall
      000004 CDr00r00         [ 4]  142 	call	_init_milis
                           000007   143 	Smain$init$4 ==.
                                    144 ;	./src/main.c: 25: GPIO_Init(DB_LED6_PORT, DB_LED6_PIN, GPIO_MODE_OUT_PP_LOW_SLOW);
                                    145 ; genIPush
      000007 4B C0            [ 1]  146 	push	#0xc0
                           000009   147 	Smain$init$5 ==.
                                    148 ; genSend
      000009 A6 20            [ 1]  149 	ld	a, #0x20
                                    150 ; genSend
      00000B AE 50 1E         [ 2]  151 	ldw	x, #0x501e
                                    152 ; genCall
      00000E CDr00r00         [ 4]  153 	call	_GPIO_Init
                           000011   154 	Smain$init$6 ==.
                           000011   155 	Smain$init$7 ==.
                                    156 ;	./src/main.c: 26: GPIO_Init(DB_LED1_PORT, DB_LED1_PIN, GPIO_MODE_OUT_PP_LOW_SLOW);
                                    157 ; genIPush
      000011 4B C0            [ 1]  158 	push	#0xc0
                           000013   159 	Smain$init$8 ==.
                                    160 ; genSend
      000013 A6 01            [ 1]  161 	ld	a, #0x01
                                    162 ; genSend
      000015 AE 50 1E         [ 2]  163 	ldw	x, #0x501e
                                    164 ; genCall
      000018 CDr00r00         [ 4]  165 	call	_GPIO_Init
                           00001B   166 	Smain$init$9 ==.
                           00001B   167 	Smain$init$10 ==.
                                    168 ;	./src/main.c: 28: TIM3_TimeBaseInit(TIM3_PRESCALER_128, 50000 - 1);
                                    169 ; genSend
      00001B AE C3 4F         [ 2]  170 	ldw	x, #0xc34f
                                    171 ; genSend
      00001E A6 07            [ 1]  172 	ld	a, #0x07
                                    173 ; genCall
      000020 CDr00r00         [ 4]  174 	call	_TIM3_TimeBaseInit
                           000023   175 	Smain$init$11 ==.
                                    176 ;	./src/main.c: 29: TIM3_Cmd(ENABLE);
                                    177 ; genSend
      000023 A6 01            [ 1]  178 	ld	a, #0x01
                                    179 ; genCall
      000025 CDr00r00         [ 4]  180 	call	_TIM3_Cmd
                           000028   181 	Smain$init$12 ==.
                                    182 ;	./src/main.c: 30: TIM3_ITConfig(TIM3_IT_UPDATE, ENABLE);
                                    183 ; genIPush
      000028 4B 01            [ 1]  184 	push	#0x01
                           00002A   185 	Smain$init$13 ==.
                                    186 ; genSend
      00002A A6 01            [ 1]  187 	ld	a, #0x01
                                    188 ; genCall
      00002C CDr00r00         [ 4]  189 	call	_TIM3_ITConfig
                           00002F   190 	Smain$init$14 ==.
                           00002F   191 	Smain$init$15 ==.
                                    192 ;	./src/main.c: 31: enableInterrupts();
                                    193 ;	genInline
      00002F 9A               [ 1]  194 	rim
                                    195 ; genLabel
      000030                        196 00101$:
                           000030   197 	Smain$init$16 ==.
                                    198 ;	./src/main.c: 34: }
                                    199 ; genEndFunction
                           000030   200 	Smain$init$17 ==.
                           000030   201 	XG$init$0$0 ==.
      000030 81               [ 4]  202 	ret
                           000031   203 	Smain$init$18 ==.
                           000031   204 	Smain$main$19 ==.
                                    205 ;	./src/main.c: 37: int main(void)
                                    206 ; genLabel
                                    207 ;	-----------------------------------------
                                    208 ;	 function main
                                    209 ;	-----------------------------------------
                                    210 ;	Register assignment might be sub-optimal.
                                    211 ;	Stack space usage: 12 bytes.
      000031                        212 _main:
                           000031   213 	Smain$main$20 ==.
      000031 52 0C            [ 2]  214 	sub	sp, #12
                           000033   215 	Smain$main$21 ==.
                           000033   216 	Smain$main$22 ==.
                                    217 ;	./src/main.c: 40: uint32_t time = 0;
                                    218 ; genAssign
      000033 5F               [ 1]  219 	clrw	x
      000034 1F 03            [ 2]  220 	ldw	(0x03, sp), x
      000036 1F 01            [ 2]  221 	ldw	(0x01, sp), x
                           000038   222 	Smain$main$23 ==.
                                    223 ;	./src/main.c: 42: init();
                                    224 ; genCall
      000038 CDr00r00         [ 4]  225 	call	_init
                           00003B   226 	Smain$main$24 ==.
                                    227 ;	./src/main.c: 44: while (1) {
                                    228 ; genLabel
      00003B                        229 00104$:
                           00003B   230 	Smain$main$25 ==.
                           00003B   231 	Smain$main$26 ==.
                                    232 ;	./src/main.c: 45: if (milis() - time > 333 ) {
                                    233 ; genCall
      00003B CDr00r00         [ 4]  234 	call	_milis
      00003E 1F 07            [ 2]  235 	ldw	(0x07, sp), x
      000040 17 05            [ 2]  236 	ldw	(0x05, sp), y
                                    237 ; genMinus
      000042 1E 07            [ 2]  238 	ldw	x, (0x07, sp)
      000044 72 F0 03         [ 2]  239 	subw	x, (0x03, sp)
      000047 1F 0B            [ 2]  240 	ldw	(0x0b, sp), x
      000049 7B 06            [ 1]  241 	ld	a, (0x06, sp)
      00004B 12 02            [ 1]  242 	sbc	a, (0x02, sp)
      00004D 6B 0A            [ 1]  243 	ld	(0x0a, sp), a
      00004F 7B 05            [ 1]  244 	ld	a, (0x05, sp)
      000051 12 01            [ 1]  245 	sbc	a, (0x01, sp)
      000053 6B 09            [ 1]  246 	ld	(0x09, sp), a
                                    247 ; genCmp
                                    248 ; genCmpTnz
      000055 AE 01 4D         [ 2]  249 	ldw	x, #0x014d
      000058 13 0B            [ 2]  250 	cpw	x, (0x0b, sp)
      00005A 4F               [ 1]  251 	clr	a
      00005B 12 0A            [ 1]  252 	sbc	a, (0x0a, sp)
      00005D 4F               [ 1]  253 	clr	a
      00005E 12 09            [ 1]  254 	sbc	a, (0x09, sp)
      000060 25 03            [ 1]  255 	jrc	00122$
      000062 CCr00r3B         [ 2]  256 	jp	00104$
      000065                        257 00122$:
                                    258 ; skipping generated iCode
                           000065   259 	Smain$main$27 ==.
                           000065   260 	Smain$main$28 ==.
                                    261 ;	./src/main.c: 47: time = milis();
                                    262 ; genCall
      000065 CDr00r00         [ 4]  263 	call	_milis
      000068 1F 03            [ 2]  264 	ldw	(0x03, sp), x
      00006A 17 01            [ 2]  265 	ldw	(0x01, sp), y
                           00006C   266 	Smain$main$29 ==.
                                    267 ; genGoto
      00006C CCr00r3B         [ 2]  268 	jp	00104$
                                    269 ; genLabel
      00006F                        270 00106$:
                           00006F   271 	Smain$main$30 ==.
                                    272 ;	./src/main.c: 52: }
                                    273 ; genEndFunction
      00006F 5B 0C            [ 2]  274 	addw	sp, #12
                           000071   275 	Smain$main$31 ==.
                           000071   276 	Smain$main$32 ==.
                           000071   277 	XG$main$0$0 ==.
      000071 81               [ 4]  278 	ret
                           000072   279 	Smain$main$33 ==.
                                    280 	.area CODE
                                    281 	.area CONST
                                    282 	.area INITIALIZER
                                    283 	.area CABS (ABS)
                                    284 
                                    285 	.area .debug_line (NOLOAD)
      000000 00 00 01 AC            286 	.dw	0,Ldebug_line_end-Ldebug_line_start
      000004                        287 Ldebug_line_start:
      000004 00 02                  288 	.dw	2
      000006 00 00 00 F0            289 	.dw	0,Ldebug_line_stmt-6-Ldebug_line_start
      00000A 01                     290 	.db	1
      00000B 01                     291 	.db	1
      00000C FB                     292 	.db	-5
      00000D 0F                     293 	.db	15
      00000E 0A                     294 	.db	10
      00000F 00                     295 	.db	0
      000010 01                     296 	.db	1
      000011 01                     297 	.db	1
      000012 01                     298 	.db	1
      000013 01                     299 	.db	1
      000014 00                     300 	.db	0
      000015 00                     301 	.db	0
      000016 00                     302 	.db	0
      000017 01                     303 	.db	1
      000018 2F 75 73 72 2F 6C 6F   304 	.ascii "/usr/local/stow/sdcc-4.4.0/bin/../share/sdcc/include/stm8"
             63 61 6C 2F 73 74 6F
             77 2F 73 64 63 63 2D
             34 2E 34 2E 30 2F 62
             69 6E 2F 2E 2E 2F 73
             68 61 72 65 2F 73 64
             63 63 2F 69 6E 63 6C
             75 64 65 2F 73 74 6D
             38
      000051 00                     305 	.db	0
      000052 2F 75 73 72 2F 6C 6F   306 	.ascii "/usr/local/stow/sdcc-4.4.0/share/sdcc/include/stm8"
             63 61 6C 2F 73 74 6F
             77 2F 73 64 63 63 2D
             34 2E 34 2E 30 2F 73
             68 61 72 65 2F 73 64
             63 63 2F 69 6E 63 6C
             75 64 65 2F 73 74 6D
             38
      000084 00                     307 	.db	0
      000085 2F 75 73 72 2F 6C 6F   308 	.ascii "/usr/local/stow/sdcc-4.4.0/bin/../share/sdcc/include"
             63 61 6C 2F 73 74 6F
             77 2F 73 64 63 63 2D
             34 2E 34 2E 30 2F 62
             69 6E 2F 2E 2E 2F 73
             68 61 72 65 2F 73 64
             63 63 2F 69 6E 63 6C
             75 64 65
      0000B9 00                     309 	.db	0
      0000BA 2F 75 73 72 2F 6C 6F   310 	.ascii "/usr/local/stow/sdcc-4.4.0/share/sdcc/include"
             63 61 6C 2F 73 74 6F
             77 2F 73 64 63 63 2D
             34 2E 34 2E 30 2F 73
             68 61 72 65 2F 73 64
             63 63 2F 69 6E 63 6C
             75 64 65
      0000E7 00                     311 	.db	0
      0000E8 00                     312 	.db	0
      0000E9 2E 2F 73 72 63 2F 6D   313 	.ascii "./src/main.c"
             61 69 6E 2E 63
      0000F5 00                     314 	.db	0
      0000F6 00                     315 	.uleb128	0
      0000F7 00                     316 	.uleb128	0
      0000F8 00                     317 	.uleb128	0
      0000F9 00                     318 	.db	0
      0000FA                        319 Ldebug_line_stmt:
      0000FA 00                     320 	.db	0
      0000FB 05                     321 	.uleb128	5
      0000FC 02                     322 	.db	2
      0000FD 00 00r00r00            323 	.dw	0,(Smain$init$0)
      000101 03                     324 	.db	3
      000102 13                     325 	.sleb128	19
      000103 01                     326 	.db	1
      000104 00                     327 	.db	0
      000105 05                     328 	.uleb128	5
      000106 02                     329 	.db	2
      000107 00 00r00r00            330 	.dw	0,(Smain$init$2)
      00010B 03                     331 	.db	3
      00010C 02                     332 	.sleb128	2
      00010D 01                     333 	.db	1
      00010E 00                     334 	.db	0
      00010F 05                     335 	.uleb128	5
      000110 02                     336 	.db	2
      000111 00 00r00r04            337 	.dw	0,(Smain$init$3)
      000115 03                     338 	.db	3
      000116 01                     339 	.sleb128	1
      000117 01                     340 	.db	1
      000118 00                     341 	.db	0
      000119 05                     342 	.uleb128	5
      00011A 02                     343 	.db	2
      00011B 00 00r00r07            344 	.dw	0,(Smain$init$4)
      00011F 03                     345 	.db	3
      000120 02                     346 	.sleb128	2
      000121 01                     347 	.db	1
      000122 00                     348 	.db	0
      000123 05                     349 	.uleb128	5
      000124 02                     350 	.db	2
      000125 00 00r00r11            351 	.dw	0,(Smain$init$7)
      000129 03                     352 	.db	3
      00012A 01                     353 	.sleb128	1
      00012B 01                     354 	.db	1
      00012C 00                     355 	.db	0
      00012D 05                     356 	.uleb128	5
      00012E 02                     357 	.db	2
      00012F 00 00r00r1B            358 	.dw	0,(Smain$init$10)
      000133 03                     359 	.db	3
      000134 02                     360 	.sleb128	2
      000135 01                     361 	.db	1
      000136 00                     362 	.db	0
      000137 05                     363 	.uleb128	5
      000138 02                     364 	.db	2
      000139 00 00r00r23            365 	.dw	0,(Smain$init$11)
      00013D 03                     366 	.db	3
      00013E 01                     367 	.sleb128	1
      00013F 01                     368 	.db	1
      000140 00                     369 	.db	0
      000141 05                     370 	.uleb128	5
      000142 02                     371 	.db	2
      000143 00 00r00r28            372 	.dw	0,(Smain$init$12)
      000147 03                     373 	.db	3
      000148 01                     374 	.sleb128	1
      000149 01                     375 	.db	1
      00014A 00                     376 	.db	0
      00014B 05                     377 	.uleb128	5
      00014C 02                     378 	.db	2
      00014D 00 00r00r2F            379 	.dw	0,(Smain$init$15)
      000151 03                     380 	.db	3
      000152 01                     381 	.sleb128	1
      000153 01                     382 	.db	1
      000154 00                     383 	.db	0
      000155 05                     384 	.uleb128	5
      000156 02                     385 	.db	2
      000157 00 00r00r30            386 	.dw	0,(Smain$init$16)
      00015B 03                     387 	.db	3
      00015C 03                     388 	.sleb128	3
      00015D 01                     389 	.db	1
      00015E 09                     390 	.db	9
      00015F 00 01                  391 	.dw	1+Smain$init$17-Smain$init$16
      000161 00                     392 	.db	0
      000162 01                     393 	.uleb128	1
      000163 01                     394 	.db	1
      000164 00                     395 	.db	0
      000165 05                     396 	.uleb128	5
      000166 02                     397 	.db	2
      000167 00 00r00r31            398 	.dw	0,(Smain$main$19)
      00016B 03                     399 	.db	3
      00016C 24                     400 	.sleb128	36
      00016D 01                     401 	.db	1
      00016E 00                     402 	.db	0
      00016F 05                     403 	.uleb128	5
      000170 02                     404 	.db	2
      000171 00 00r00r33            405 	.dw	0,(Smain$main$22)
      000175 03                     406 	.db	3
      000176 03                     407 	.sleb128	3
      000177 01                     408 	.db	1
      000178 00                     409 	.db	0
      000179 05                     410 	.uleb128	5
      00017A 02                     411 	.db	2
      00017B 00 00r00r38            412 	.dw	0,(Smain$main$23)
      00017F 03                     413 	.db	3
      000180 02                     414 	.sleb128	2
      000181 01                     415 	.db	1
      000182 00                     416 	.db	0
      000183 05                     417 	.uleb128	5
      000184 02                     418 	.db	2
      000185 00 00r00r3B            419 	.dw	0,(Smain$main$24)
      000189 03                     420 	.db	3
      00018A 02                     421 	.sleb128	2
      00018B 01                     422 	.db	1
      00018C 00                     423 	.db	0
      00018D 05                     424 	.uleb128	5
      00018E 02                     425 	.db	2
      00018F 00 00r00r3B            426 	.dw	0,(Smain$main$26)
      000193 03                     427 	.db	3
      000194 01                     428 	.sleb128	1
      000195 01                     429 	.db	1
      000196 00                     430 	.db	0
      000197 05                     431 	.uleb128	5
      000198 02                     432 	.db	2
      000199 00 00r00r65            433 	.dw	0,(Smain$main$28)
      00019D 03                     434 	.db	3
      00019E 02                     435 	.sleb128	2
      00019F 01                     436 	.db	1
      0001A0 00                     437 	.db	0
      0001A1 05                     438 	.uleb128	5
      0001A2 02                     439 	.db	2
      0001A3 00 00r00r6F            440 	.dw	0,(Smain$main$30)
      0001A7 03                     441 	.db	3
      0001A8 05                     442 	.sleb128	5
      0001A9 01                     443 	.db	1
      0001AA 09                     444 	.db	9
      0001AB 00 03                  445 	.dw	1+Smain$main$32-Smain$main$30
      0001AD 00                     446 	.db	0
      0001AE 01                     447 	.uleb128	1
      0001AF 01                     448 	.db	1
      0001B0                        449 Ldebug_line_end:
                                    450 
                                    451 	.area .debug_loc (NOLOAD)
      000000                        452 Ldebug_loc_start:
      000000 00 00r00r71            453 	.dw	0,(Smain$main$31)
      000004 00 00r00r72            454 	.dw	0,(Smain$main$33)
      000008 00 02                  455 	.dw	2
      00000A 78                     456 	.db	120
      00000B 01                     457 	.sleb128	1
      00000C 00 00r00r33            458 	.dw	0,(Smain$main$21)
      000010 00 00r00r71            459 	.dw	0,(Smain$main$31)
      000014 00 02                  460 	.dw	2
      000016 78                     461 	.db	120
      000017 0D                     462 	.sleb128	13
      000018 00 00r00r31            463 	.dw	0,(Smain$main$20)
      00001C 00 00r00r33            464 	.dw	0,(Smain$main$21)
      000020 00 02                  465 	.dw	2
      000022 78                     466 	.db	120
      000023 01                     467 	.sleb128	1
      000024 00 00 00 00            468 	.dw	0,0
      000028 00 00 00 00            469 	.dw	0,0
      00002C 00 00r00r2F            470 	.dw	0,(Smain$init$14)
      000030 00 00r00r31            471 	.dw	0,(Smain$init$18)
      000034 00 02                  472 	.dw	2
      000036 78                     473 	.db	120
      000037 01                     474 	.sleb128	1
      000038 00 00r00r2A            475 	.dw	0,(Smain$init$13)
      00003C 00 00r00r2F            476 	.dw	0,(Smain$init$14)
      000040 00 02                  477 	.dw	2
      000042 78                     478 	.db	120
      000043 02                     479 	.sleb128	2
      000044 00 00r00r1B            480 	.dw	0,(Smain$init$9)
      000048 00 00r00r2A            481 	.dw	0,(Smain$init$13)
      00004C 00 02                  482 	.dw	2
      00004E 78                     483 	.db	120
      00004F 01                     484 	.sleb128	1
      000050 00 00r00r13            485 	.dw	0,(Smain$init$8)
      000054 00 00r00r1B            486 	.dw	0,(Smain$init$9)
      000058 00 02                  487 	.dw	2
      00005A 78                     488 	.db	120
      00005B 02                     489 	.sleb128	2
      00005C 00 00r00r11            490 	.dw	0,(Smain$init$6)
      000060 00 00r00r13            491 	.dw	0,(Smain$init$8)
      000064 00 02                  492 	.dw	2
      000066 78                     493 	.db	120
      000067 01                     494 	.sleb128	1
      000068 00 00r00r09            495 	.dw	0,(Smain$init$5)
      00006C 00 00r00r11            496 	.dw	0,(Smain$init$6)
      000070 00 02                  497 	.dw	2
      000072 78                     498 	.db	120
      000073 02                     499 	.sleb128	2
      000074 00 00r00r00            500 	.dw	0,(Smain$init$1)
      000078 00 00r00r09            501 	.dw	0,(Smain$init$5)
      00007C 00 02                  502 	.dw	2
      00007E 78                     503 	.db	120
      00007F 01                     504 	.sleb128	1
      000080 00 00 00 00            505 	.dw	0,0
      000084 00 00 00 00            506 	.dw	0,0
                                    507 
                                    508 	.area .debug_abbrev (NOLOAD)
      000000                        509 Ldebug_abbrev:
      000000 01                     510 	.uleb128	1
      000001 11                     511 	.uleb128	17
      000002 01                     512 	.db	1
      000003 03                     513 	.uleb128	3
      000004 08                     514 	.uleb128	8
      000005 10                     515 	.uleb128	16
      000006 06                     516 	.uleb128	6
      000007 13                     517 	.uleb128	19
      000008 0B                     518 	.uleb128	11
      000009 25                     519 	.uleb128	37
      00000A 08                     520 	.uleb128	8
      00000B 00                     521 	.uleb128	0
      00000C 00                     522 	.uleb128	0
      00000D 02                     523 	.uleb128	2
      00000E 2E                     524 	.uleb128	46
      00000F 00                     525 	.db	0
      000010 03                     526 	.uleb128	3
      000011 08                     527 	.uleb128	8
      000012 11                     528 	.uleb128	17
      000013 01                     529 	.uleb128	1
      000014 12                     530 	.uleb128	18
      000015 01                     531 	.uleb128	1
      000016 3F                     532 	.uleb128	63
      000017 0C                     533 	.uleb128	12
      000018 40                     534 	.uleb128	64
      000019 06                     535 	.uleb128	6
      00001A 00                     536 	.uleb128	0
      00001B 00                     537 	.uleb128	0
      00001C 03                     538 	.uleb128	3
      00001D 24                     539 	.uleb128	36
      00001E 00                     540 	.db	0
      00001F 03                     541 	.uleb128	3
      000020 08                     542 	.uleb128	8
      000021 0B                     543 	.uleb128	11
      000022 0B                     544 	.uleb128	11
      000023 3E                     545 	.uleb128	62
      000024 0B                     546 	.uleb128	11
      000025 00                     547 	.uleb128	0
      000026 00                     548 	.uleb128	0
      000027 04                     549 	.uleb128	4
      000028 2E                     550 	.uleb128	46
      000029 01                     551 	.db	1
      00002A 01                     552 	.uleb128	1
      00002B 13                     553 	.uleb128	19
      00002C 03                     554 	.uleb128	3
      00002D 08                     555 	.uleb128	8
      00002E 11                     556 	.uleb128	17
      00002F 01                     557 	.uleb128	1
      000030 12                     558 	.uleb128	18
      000031 01                     559 	.uleb128	1
      000032 3F                     560 	.uleb128	63
      000033 0C                     561 	.uleb128	12
      000034 40                     562 	.uleb128	64
      000035 06                     563 	.uleb128	6
      000036 49                     564 	.uleb128	73
      000037 13                     565 	.uleb128	19
      000038 00                     566 	.uleb128	0
      000039 00                     567 	.uleb128	0
      00003A 05                     568 	.uleb128	5
      00003B 0B                     569 	.uleb128	11
      00003C 01                     570 	.db	1
      00003D 01                     571 	.uleb128	1
      00003E 13                     572 	.uleb128	19
      00003F 11                     573 	.uleb128	17
      000040 01                     574 	.uleb128	1
      000041 00                     575 	.uleb128	0
      000042 00                     576 	.uleb128	0
      000043 06                     577 	.uleb128	6
      000044 0B                     578 	.uleb128	11
      000045 00                     579 	.db	0
      000046 11                     580 	.uleb128	17
      000047 01                     581 	.uleb128	1
      000048 12                     582 	.uleb128	18
      000049 01                     583 	.uleb128	1
      00004A 00                     584 	.uleb128	0
      00004B 00                     585 	.uleb128	0
      00004C 07                     586 	.uleb128	7
      00004D 34                     587 	.uleb128	52
      00004E 00                     588 	.db	0
      00004F 02                     589 	.uleb128	2
      000050 0A                     590 	.uleb128	10
      000051 03                     591 	.uleb128	3
      000052 08                     592 	.uleb128	8
      000053 49                     593 	.uleb128	73
      000054 13                     594 	.uleb128	19
      000055 00                     595 	.uleb128	0
      000056 00                     596 	.uleb128	0
      000057 00                     597 	.uleb128	0
                                    598 
                                    599 	.area .debug_info (NOLOAD)
      000000 00 00 00 9C            600 	.dw	0,Ldebug_info_end-Ldebug_info_start
      000004                        601 Ldebug_info_start:
      000004 00 02                  602 	.dw	2
      000006 00 00r00r00            603 	.dw	0,(Ldebug_abbrev)
      00000A 04                     604 	.db	4
      00000B 01                     605 	.uleb128	1
      00000C 2E 2F 73 72 63 2F 6D   606 	.ascii "./src/main.c"
             61 69 6E 2E 63
      000018 00                     607 	.db	0
      000019 00 00r00r00            608 	.dw	0,(Ldebug_line_start+-4)
      00001D 01                     609 	.db	1
      00001E 53 44 43 43 20 76 65   610 	.ascii "SDCC version 4.4.0 #14620"
             72 73 69 6F 6E 20 34
             2E 34 2E 30 20 23 31
             34 36 32 30
      000037 00                     611 	.db	0
      000038 02                     612 	.uleb128	2
      000039 69 6E 69 74            613 	.ascii "init"
      00003D 00                     614 	.db	0
      00003E 00 00r00r00            615 	.dw	0,(_init)
      000042 00 00r00r31            616 	.dw	0,(XG$init$0$0+1)
      000046 01                     617 	.db	1
      000047 00 00r00r2C            618 	.dw	0,(Ldebug_loc_start+44)
      00004B 03                     619 	.uleb128	3
      00004C 69 6E 74               620 	.ascii "int"
      00004F 00                     621 	.db	0
      000050 02                     622 	.db	2
      000051 05                     623 	.db	5
      000052 04                     624 	.uleb128	4
      000053 00 00 00 8E            625 	.dw	0,142
      000057 6D 61 69 6E            626 	.ascii "main"
      00005B 00                     627 	.db	0
      00005C 00 00r00r31            628 	.dw	0,(_main)
      000060 00 00r00r72            629 	.dw	0,(XG$main$0$0+1)
      000064 01                     630 	.db	1
      000065 00 00r00r00            631 	.dw	0,(Ldebug_loc_start)
      000069 00 00 00 4B            632 	.dw	0,75
      00006D 05                     633 	.uleb128	5
      00006E 00 00 00 80            634 	.dw	0,128
      000072 00 00r00r3B            635 	.dw	0,(Smain$main$25)
      000076 06                     636 	.uleb128	6
      000077 00 00r00r65            637 	.dw	0,(Smain$main$27)
      00007B 00 00r00r6C            638 	.dw	0,(Smain$main$29)
      00007F 00                     639 	.uleb128	0
      000080 07                     640 	.uleb128	7
      000081 02                     641 	.db	2
      000082 91                     642 	.db	145
      000083 74                     643 	.sleb128	-12
      000084 74 69 6D 65            644 	.ascii "time"
      000088 00                     645 	.db	0
      000089 00 00 00 8E            646 	.dw	0,142
      00008D 00                     647 	.uleb128	0
      00008E 03                     648 	.uleb128	3
      00008F 75 6E 73 69 67 6E 65   649 	.ascii "unsigned long"
             64 20 6C 6F 6E 67
      00009C 00                     650 	.db	0
      00009D 04                     651 	.db	4
      00009E 07                     652 	.db	7
      00009F 00                     653 	.uleb128	0
      0000A0                        654 Ldebug_info_end:
                                    655 
                                    656 	.area .debug_pubnames (NOLOAD)
      000000 00 00 00 20            657 	.dw	0,Ldebug_pubnames_end-Ldebug_pubnames_start
      000004                        658 Ldebug_pubnames_start:
      000004 00 02                  659 	.dw	2
      000006 00 00r00r00            660 	.dw	0,(Ldebug_info_start-4)
      00000A 00 00 00 A0            661 	.dw	0,4+Ldebug_info_end-Ldebug_info_start
      00000E 00 00 00 38            662 	.dw	0,56
      000012 69 6E 69 74            663 	.ascii "init"
      000016 00                     664 	.db	0
      000017 00 00 00 52            665 	.dw	0,82
      00001B 6D 61 69 6E            666 	.ascii "main"
      00001F 00                     667 	.db	0
      000020 00 00 00 00            668 	.dw	0,0
      000024                        669 Ldebug_pubnames_end:
                                    670 
                                    671 	.area .debug_frame (NOLOAD)
      000000 00 00                  672 	.dw	0
      000002 00 10                  673 	.dw	Ldebug_CIE0_end-Ldebug_CIE0_start
      000004                        674 Ldebug_CIE0_start:
      000004 FF FF                  675 	.dw	0xffff
      000006 FF FF                  676 	.dw	0xffff
      000008 01                     677 	.db	1
      000009 00                     678 	.db	0
      00000A 01                     679 	.uleb128	1
      00000B 7F                     680 	.sleb128	-1
      00000C 09                     681 	.db	9
      00000D 0C                     682 	.db	12
      00000E 08                     683 	.uleb128	8
      00000F 02                     684 	.uleb128	2
      000010 89                     685 	.db	137
      000011 01                     686 	.uleb128	1
      000012 00                     687 	.db	0
      000013 00                     688 	.db	0
      000014                        689 Ldebug_CIE0_end:
      000014 00 00 00 24            690 	.dw	0,36
      000018 00 00r00r00            691 	.dw	0,(Ldebug_CIE0_start-4)
      00001C 00 00r00r31            692 	.dw	0,(Smain$main$20)	;initial loc
      000020 00 00 00 41            693 	.dw	0,Smain$main$33-Smain$main$20
      000024 01                     694 	.db	1
      000025 00 00r00r31            695 	.dw	0,(Smain$main$20)
      000029 0E                     696 	.db	14
      00002A 02                     697 	.uleb128	2
      00002B 01                     698 	.db	1
      00002C 00 00r00r33            699 	.dw	0,(Smain$main$21)
      000030 0E                     700 	.db	14
      000031 0E                     701 	.uleb128	14
      000032 01                     702 	.db	1
      000033 00 00r00r71            703 	.dw	0,(Smain$main$31)
      000037 0E                     704 	.db	14
      000038 02                     705 	.uleb128	2
      000039 00                     706 	.db	0
      00003A 00                     707 	.db	0
      00003B 00                     708 	.db	0
                                    709 
                                    710 	.area .debug_frame (NOLOAD)
      00003C 00 00                  711 	.dw	0
      00003E 00 10                  712 	.dw	Ldebug_CIE1_end-Ldebug_CIE1_start
      000040                        713 Ldebug_CIE1_start:
      000040 FF FF                  714 	.dw	0xffff
      000042 FF FF                  715 	.dw	0xffff
      000044 01                     716 	.db	1
      000045 00                     717 	.db	0
      000046 01                     718 	.uleb128	1
      000047 7F                     719 	.sleb128	-1
      000048 09                     720 	.db	9
      000049 0C                     721 	.db	12
      00004A 08                     722 	.uleb128	8
      00004B 02                     723 	.uleb128	2
      00004C 89                     724 	.db	137
      00004D 01                     725 	.uleb128	1
      00004E 00                     726 	.db	0
      00004F 00                     727 	.db	0
      000050                        728 Ldebug_CIE1_end:
      000050 00 00 00 40            729 	.dw	0,64
      000054 00 00r00r3C            730 	.dw	0,(Ldebug_CIE1_start-4)
      000058 00 00r00r00            731 	.dw	0,(Smain$init$1)	;initial loc
      00005C 00 00 00 31            732 	.dw	0,Smain$init$18-Smain$init$1
      000060 01                     733 	.db	1
      000061 00 00r00r00            734 	.dw	0,(Smain$init$1)
      000065 0E                     735 	.db	14
      000066 02                     736 	.uleb128	2
      000067 01                     737 	.db	1
      000068 00 00r00r09            738 	.dw	0,(Smain$init$5)
      00006C 0E                     739 	.db	14
      00006D 03                     740 	.uleb128	3
      00006E 01                     741 	.db	1
      00006F 00 00r00r11            742 	.dw	0,(Smain$init$6)
      000073 0E                     743 	.db	14
      000074 02                     744 	.uleb128	2
      000075 01                     745 	.db	1
      000076 00 00r00r13            746 	.dw	0,(Smain$init$8)
      00007A 0E                     747 	.db	14
      00007B 03                     748 	.uleb128	3
      00007C 01                     749 	.db	1
      00007D 00 00r00r1B            750 	.dw	0,(Smain$init$9)
      000081 0E                     751 	.db	14
      000082 02                     752 	.uleb128	2
      000083 01                     753 	.db	1
      000084 00 00r00r2A            754 	.dw	0,(Smain$init$13)
      000088 0E                     755 	.db	14
      000089 03                     756 	.uleb128	3
      00008A 01                     757 	.db	1
      00008B 00 00r00r2F            758 	.dw	0,(Smain$init$14)
      00008F 0E                     759 	.db	14
      000090 02                     760 	.uleb128	2
      000091 00                     761 	.db	0
      000092 00                     762 	.db	0
      000093 00                     763 	.db	0
