ASxxxx Linker V03.00/V05.40 + sdld,  page 1.
Hexadecimal  [32-Bits]

Area                                    Addr        Size        Decimal Bytes (Attributes)
--------------------------------        ----        ----        ------- ----- ------------
.  .ABS.                            00000000    00000000 =           0. bytes (ABS,CON)

      Value  Global                              Global Defined In Module
      -----  --------------------------------   ------------------------
     00000000  .__.ABS.                           stm8s_tim4_TIM4_ClearFlag
     00000000  l_CABS                          
     00000000  l_CONST                         
     00000000  l_DABS                          
     00000000  l_DATA                          
     00000000  l__CODE                         
     00000000  s_.debug_abbrev                 
     00000000  s_.debug_frame                  
     00000000  s_.debug_info                   
     00000000  s_.debug_line                   
     00000000  s_.debug_loc                    
     00000000  s_.debug_pubnames               
     00000000  s_CABS                          
     00000000  s_DABS                          
     00000000  s__CODE                         
     00000001  l_SSEG                          
     00000001  s_DATA                          
     00000001  s_INITIALIZED                   
     00000003  l_GSFINAL                       
     00000004  l_INITIALIZED                   
     00000004  l_INITIALIZER                   
     00000023  l_GSINIT                        
     0000006F  l_HOME                          
     00000169  l_.debug_abbrev                 
     00000330  l_.debug_pubnames               
     000004CB  l_CODE                          
     0000053C  l_.debug_loc                    
     00000764  l_.debug_frame                  
     0000093F  l_.debug_info                   
     00000945  l_.debug_line                   
     00008000  s_HOME                          
     0000806F  s_GSINIT                        
     00008092  s_GSFINAL                       
     00008095  s_CONST                         
     00008095  s_INITIALIZER                   
     00008099  s_CODE                          
     00008564  s_SSEG                          

ASxxxx Linker V03.00/V05.40 + sdld,  page 2.
Hexadecimal  [32-Bits]

Area                                    Addr        Size        Decimal Bytes (Attributes)
--------------------------------        ----        ----        ------- ----- ------------
INITIALIZED                         00000001    00000004 =           4. bytes (REL,CON)

      Value  Global                              Global Defined In Module
      -----  --------------------------------   ------------------------
     00000001  G$miliseconds$0_0$0                milis
     00000001  _miliseconds                       milis

ASxxxx Linker V03.00/V05.40 + sdld,  page 3.
Hexadecimal  [32-Bits]

Area                                    Addr        Size        Decimal Bytes (Attributes)
--------------------------------        ----        ----        ------- ----- ------------
HOME                                00008000    0000006F =         111. bytes (REL,CON)

      Value  Global                              Global Defined In Module
      -----  --------------------------------   ------------------------
     00008000  A$main$53                          main
     00008004  A$main$54                          main
     00008008  A$main$55                          main
     0000800C  A$main$56                          main
     00008010  A$main$57                          main
     00008014  A$main$58                          main
     00008018  A$main$59                          main
     0000801C  A$main$60                          main
     00008020  A$main$61                          main
     00008024  A$main$62                          main
     00008028  A$main$63                          main
     0000802C  A$main$64                          main
     00008030  A$main$65                          main
     00008034  A$main$66                          main
     00008038  A$main$67                          main
     0000803C  A$main$68                          main
     00008040  A$main$69                          main
     00008044  A$main$70                          main
     00008048  A$main$71                          main
     0000804C  A$main$72                          main
     00008050  A$main$73                          main
     00008054  A$main$74                          main
     00008058  A$main$75                          main
     0000805C  A$main$76                          main
     00008060  A$main$77                          main
     00008064  A$main$78                          main
     00008068  A$main$79                          main
     0000806C  A$main$117                         main

ASxxxx Linker V03.00/V05.40 + sdld,  page 4.
Hexadecimal  [32-Bits]

Area                                    Addr        Size        Decimal Bytes (Attributes)
--------------------------------        ----        ----        ------- ----- ------------
GSINIT                              0000806F    00000023 =          35. bytes (REL,CON)

      Value  Global                              Global Defined In Module
      -----  --------------------------------   ------------------------
     0000806F  A$main$87                          main
     00008072  A$main$88                          main
     00008073  A$main$89                          main
     00008075  A$main$90                          main
     00008078  A$main$93                          main
     0000807B  A$main$94                          main
     0000807D  A$main$96                          main
     00008081  A$main$97                          main
     00008082  A$main$98                          main
     00008084  A$main$100                         main
     00008087  A$main$101                         main
     00008089  A$main$103                         main
     0000808C  A$main$104                         main
     0000808F  A$main$105                         main
     00008090  A$main$106                         main
ASxxxx Linker V03.00/V05.40 + sdld,  page 5.
Hexadecimal  [32-Bits]

Area                                    Addr        Size        Decimal Bytes (Attributes)
--------------------------------        ----        ----        ------- ----- ------------
GSFINAL                             00008092    00000003 =           3. bytes (REL,CON)

      Value  Global                              Global Defined In Module
      -----  --------------------------------   ------------------------
     00008092  A$main$110                         main

ASxxxx Linker V03.00/V05.40 + sdld,  page 6.
Hexadecimal  [32-Bits]

Area                                    Addr        Size        Decimal Bytes (Attributes)
--------------------------------        ----        ----        ------- ----- ------------
INITIALIZER                         00008095    00000004 =           4. bytes (REL,CON)

      Value  Global                              Global Defined In Module
      -----  --------------------------------   ------------------------
     00008095  Fmilis$__xinit_miliseconds$0_0$0   milis

ASxxxx Linker V03.00/V05.40 + sdld,  page 7.
Hexadecimal  [32-Bits]

Area                                    Addr        Size        Decimal Bytes (Attributes)
--------------------------------        ----        ----        ------- ----- ------------
CODE                                00008099    000004CB =        1227. bytes (REL,CON)

      Value  Global                              Global Defined In Module
      -----  --------------------------------   ------------------------
     00008099  A$delay$64                         delay
     00008099  Sdelay$_delay_cycl$0               delay
     00008099  Sdelay$_delay_cycl$1               delay
     00008099  Sdelay$_delay_cycl$2               delay
     0000809A  A$delay$65                         delay
     0000809B  A$delay$75                         delay
     0000809B  Sdelay$_delay_cycl$3               delay
     0000809B  Sdelay$_delay_cycl$4               delay
     0000809B  Sdelay$_delay_cycl$5               delay
     0000809C  A$delay$80                         delay
     0000809C  Sdelay$_delay_cycl$6               delay
     0000809C  Sdelay$_delay_cycl$7               delay
     0000809D  A$delay$81                         delay
     0000809F  A$delay$82                         delay
     000080A2  A$delay$87                         delay
     000080A2  Sdelay$_delay_cycl$8               delay
     000080A3  A$delay$95                         delay
     000080A3  Sdelay$_delay_cycl$10              delay
     000080A3  Sdelay$_delay_cycl$9               delay
     000080A3  XFdelay$_delay_cycl$0$0            delay
     000080A4  A$delay$112                        delay
     000080A4  Sdelay$_delay_cycl$11              delay
     000080A4  Sdelay$_delay_us$12                delay
     000080A4  Sdelay$_delay_us$13                delay
     000080A4  Sdelay$_delay_us$14                delay
     000080A6  A$delay$114                        delay
     000080A7  A$delay$116                        delay
     000080A7  Sdelay$_delay_us$15                delay
     000080A9  A$delay$119                        delay
     000080A9  Sdelay$_delay_us$16                delay
     000080AB  A$delay$121                        delay
     000080AB  Sdelay$_delay_us$17                delay
     000080AD  A$delay$123                        delay
     000080AD  Sdelay$_delay_us$18                delay
     000080AF  A$delay$125                        delay
     000080AF  Sdelay$_delay_us$19                delay
     000080B1  A$delay$128                        delay
     000080B1  Sdelay$_delay_us$20                delay
     000080B4  A$delay$129                        delay
     000080B6  A$delay$135                        delay
     000080B6  Sdelay$_delay_us$21                delay
     000080B6  Sdelay$_delay_us$22                delay
     000080B8  A$delay$137                        delay
     000080B8  Sdelay$_delay_us$23                delay
     000080BA  A$delay$139                        delay
     000080BA  Sdelay$_delay_us$24                delay
     000080BC  A$delay$141                        delay
     000080BC  Sdelay$_delay_us$25                delay
     000080BE  A$delay$144                        delay
     000080BE  Sdelay$_delay_us$26                delay
ASxxxx Linker V03.00/V05.40 + sdld,  page 8.
Hexadecimal  [32-Bits]

Area                                    Addr        Size        Decimal Bytes (Attributes)
--------------------------------        ----        ----        ------- ----- ------------
CODE                                00008099    000004CB =        1227. bytes (REL,CON)

      Value  Global                              Global Defined In Module
      -----  --------------------------------   ------------------------
     000080BF  A$delay$146                        delay
     000080BF  Sdelay$_delay_us$27                delay
     000080C1  A$delay$149                        delay
     000080C1  Sdelay$_delay_us$28                delay
     000080C4  A$delay$150                        delay
     000080C6  A$delay$154                        delay
     000080C6  Sdelay$_delay_us$29                delay
     000080C6  Sdelay$_delay_us$30                delay
     000080C8  A$delay$155                        delay
     000080C9  A$delay$156                        delay
     000080CB  A$delay$157                        delay
     000080CC  A$delay$158                        delay
     000080CE  A$delay$159                        delay
     000080CF  A$delay$164                        delay
     000080CF  Sdelay$_delay_us$31                delay
     000080D0  A$delay$168                        delay
     000080D0  Sdelay$_delay_us$32                delay
     000080D1  A$delay$169                        delay
     000080D2  A$delay$179                        delay
     000080D2  Sdelay$_delay_us$33                delay
     000080D2  Sdelay$_delay_us$34                delay
     000080D2  Sdelay$_delay_us$35                delay
     000080D3  A$delay$183                        delay
     000080D3  Sdelay$_delay_us$36                delay
     000080D4  A$delay$184                        delay
     000080D6  A$delay$185                        delay
     000080D9  A$delay$189                        delay
     000080DA  A$delay$200                        delay
     000080DA  Sdelay$_delay_us$37                delay
     000080DA  Sdelay$_delay_us$38                delay
     000080DA  Sdelay$_delay_us$39                delay
     000080DA  Sdelay$_delay_us$40                delay
     000080DA  XFdelay$_delay_us$0$0              delay
     000080DB  A$delay$212                        delay
     000080DB  Sdelay$_delay_us$41                delay
     000080DB  Sdelay$delay_us$42                 delay
     000080DB  Sdelay$delay_us$43                 delay
     000080DB  _delay_us                          delay
     000080DD  A$delay$223                        delay
     000080DD  Sdelay$delay_us$44                 delay
     000080DD  Sdelay$delay_us$45                 delay
     000080DD  Sdelay$delay_us$46                 delay
     000080DE  A$delay$224                        delay
     000080E0  A$delay$227                        delay
     000080E0  Sdelay$delay_us$47                 delay
     000080E1  A$delay$229                        delay
     000080E1  Sdelay$delay_us$48                 delay
     000080E2  A$delay$231                        delay
     000080E2  Sdelay$delay_us$49                 delay
     000080E3  A$delay$232                        delay
     000080E4  A$delay$235                        delay
ASxxxx Linker V03.00/V05.40 + sdld,  page 9.
Hexadecimal  [32-Bits]

Area                                    Addr        Size        Decimal Bytes (Attributes)
--------------------------------        ----        ----        ------- ----- ------------
CODE                                00008099    000004CB =        1227. bytes (REL,CON)

      Value  Global                              Global Defined In Module
      -----  --------------------------------   ------------------------
     000080E4  Sdelay$delay_us$50                 delay
     000080E6  A$delay$237                        delay
     000080E6  Sdelay$delay_us$51                 delay
     000080E8  A$delay$239                        delay
     000080E8  Sdelay$delay_us$52                 delay
     000080EA  A$delay$241                        delay
     000080EA  Sdelay$delay_us$53                 delay
     000080EC  A$delay$244                        delay
     000080EC  Sdelay$delay_us$54                 delay
     000080EF  A$delay$245                        delay
     000080F1  A$delay$250                        delay
     000080F1  Sdelay$delay_us$55                 delay
     000080F3  A$delay$252                        delay
     000080F3  Sdelay$delay_us$56                 delay
     000080F5  A$delay$254                        delay
     000080F5  Sdelay$delay_us$57                 delay
     000080F7  A$delay$256                        delay
     000080F7  Sdelay$delay_us$58                 delay
     000080F9  A$delay$259                        delay
     000080F9  Sdelay$delay_us$59                 delay
     000080FA  A$delay$261                        delay
     000080FA  Sdelay$delay_us$60                 delay
     000080FC  A$delay$264                        delay
     000080FC  Sdelay$delay_us$61                 delay
     000080FF  A$delay$265                        delay
     00008101  A$delay$268                        delay
     00008101  Sdelay$delay_us$62                 delay
     00008103  A$delay$269                        delay
     00008104  A$delay$270                        delay
     00008106  A$delay$271                        delay
     00008107  A$delay$272                        delay
     00008109  A$delay$273                        delay
     0000810A  A$delay$277                        delay
     0000810B  A$delay$281                        delay
     0000810B  Sdelay$delay_us$63                 delay
     0000810C  A$delay$282                        delay
     0000810D  A$delay$292                        delay
     0000810D  Sdelay$delay_us$64                 delay
     0000810D  Sdelay$delay_us$65                 delay
     0000810D  Sdelay$delay_us$66                 delay
     0000810E  A$delay$296                        delay
     0000810E  Sdelay$delay_us$67                 delay
     0000810F  A$delay$297                        delay
     00008111  A$delay$298                        delay
     00008114  A$delay$302                        delay
     00008115  A$delay$311                        delay
     00008115  Sdelay$delay_us$68                 delay
     00008115  Sdelay$delay_us$69                 delay
     00008115  Sdelay$delay_us$70                 delay
     00008117  A$delay$315                        delay
     00008117  Sdelay$delay_us$71                 delay
ASxxxx Linker V03.00/V05.40 + sdld,  page 10.
Hexadecimal  [32-Bits]

Area                                    Addr        Size        Decimal Bytes (Attributes)
--------------------------------        ----        ----        ------- ----- ------------
CODE                                00008099    000004CB =        1227. bytes (REL,CON)

      Value  Global                              Global Defined In Module
      -----  --------------------------------   ------------------------
     00008117  Sdelay$delay_us$72                 delay
     00008117  XG$delay_us$0$0                    delay
     00008118  A$delay$328                        delay
     00008118  Sdelay$delay_ms$74                 delay
     00008118  Sdelay$delay_ms$75                 delay
     00008118  Sdelay$delay_ms$76                 delay
     00008118  Sdelay$delay_us$73                 delay
     00008118  _delay_ms                          delay
     00008119  A$delay$331                        delay
     00008119  Sdelay$delay_ms$77                 delay
     0000811B  A$delay$336                        delay
     0000811B  Sdelay$delay_ms$78                 delay
     0000811B  Sdelay$delay_ms$79                 delay
     0000811D  A$delay$341                        delay
     0000811E  A$delay$344                        delay
     00008120  A$delay$345                        delay
     00008122  A$delay$346                        delay
     00008125  A$delay$352                        delay
     00008125  Sdelay$delay_ms$80                 delay
     00008126  A$delay$353                        delay
     00008127  A$delay$358                        delay
     00008127  Sdelay$delay_ms$81                 delay
     00008127  Sdelay$delay_ms$82                 delay
     0000812A  A$delay$364                        delay
     0000812A  Sdelay$delay_ms$83                 delay
     0000812B  A$delay$368                        delay
     0000812B  Sdelay$delay_ms$84                 delay
     0000812C  A$delay$369                        delay
     0000812E  A$delay$370                        delay
     00008131  A$delay$374                        delay
     00008132  A$delay$379                        delay
     00008132  Sdelay$delay_ms$85                 delay
     00008133  A$delay$380                        delay
     00008134  A$delay$385                        delay
     00008134  Sdelay$delay_ms$86                 delay
     00008134  Sdelay$delay_ms$87                 delay
     00008137  A$delay$391                        delay
     00008137  Sdelay$delay_ms$88                 delay
     00008138  A$delay$395                        delay
     00008138  Sdelay$delay_ms$89                 delay
     00008139  A$delay$396                        delay
     0000813B  A$delay$397                        delay
     0000813E  A$delay$401                        delay
     0000813F  A$delay$406                        delay
     0000813F  Sdelay$delay_ms$90                 delay
     00008140  A$delay$407                        delay
     00008141  A$delay$412                        delay
     00008141  Sdelay$delay_ms$91                 delay
     00008141  Sdelay$delay_ms$92                 delay
     00008144  A$delay$418                        delay
     00008144  Sdelay$delay_ms$93                 delay
ASxxxx Linker V03.00/V05.40 + sdld,  page 11.
Hexadecimal  [32-Bits]

Area                                    Addr        Size        Decimal Bytes (Attributes)
--------------------------------        ----        ----        ------- ----- ------------
CODE                                00008099    000004CB =        1227. bytes (REL,CON)

      Value  Global                              Global Defined In Module
      -----  --------------------------------   ------------------------
     00008145  A$delay$422                        delay
     00008145  Sdelay$delay_ms$94                 delay
     00008146  A$delay$423                        delay
     00008148  A$delay$424                        delay
     0000814B  A$delay$428                        delay
     0000814C  A$delay$433                        delay
     0000814C  Sdelay$delay_ms$95                 delay
     0000814D  A$delay$434                        delay
     0000814E  A$delay$439                        delay
     0000814E  Sdelay$delay_ms$96                 delay
     0000814E  Sdelay$delay_ms$97                 delay
     00008151  A$delay$445                        delay
     00008151  Sdelay$delay_ms$98                 delay
     00008152  A$delay$449                        delay
     00008152  Sdelay$delay_ms$99                 delay
     00008153  A$delay$450                        delay
     00008155  A$delay$451                        delay
     00008158  A$delay$455                        delay
     00008159  A$delay$460                        delay
     00008159  Sdelay$delay_ms$100                delay
     00008159  Sdelay$delay_ms$101                delay
     0000815B  A$delay$462                        delay
     0000815E  A$delay$468                        delay
     0000815E  Sdelay$delay_ms$102                delay
     0000815F  A$delay$472                        delay
     0000815F  Sdelay$delay_ms$103                delay
     0000815F  Sdelay$delay_ms$104                delay
     0000815F  XG$delay_ms$0$0                    delay
     00008160  A$main$136                         main
     00008160  Sdelay$delay_ms$105                delay
     00008160  Smain$init$0                       main
     00008160  Smain$init$1                       main
     00008160  Smain$init$2                       main
     00008160  _init                              main
     00008161  A$main$138                         main
     00008164  A$main$142                         main
     00008164  Smain$init$3                       main
     00008167  A$main$146                         main
     00008167  Smain$init$4                       main
     00008169  A$main$149                         main
     00008169  Smain$init$5                       main
     0000816B  A$main$151                         main
     0000816E  A$main$153                         main
     00008171  A$main$158                         main
     00008171  Smain$init$6                       main
     00008171  Smain$init$7                       main
     00008173  A$main$161                         main
     00008173  Smain$init$8                       main
     00008175  A$main$163                         main
     00008178  A$main$165                         main
     0000817B  A$main$170                         main
ASxxxx Linker V03.00/V05.40 + sdld,  page 12.
Hexadecimal  [32-Bits]

Area                                    Addr        Size        Decimal Bytes (Attributes)
--------------------------------        ----        ----        ------- ----- ------------
CODE                                00008099    000004CB =        1227. bytes (REL,CON)

      Value  Global                              Global Defined In Module
      -----  --------------------------------   ------------------------
     0000817B  Smain$init$10                      main
     0000817B  Smain$init$9                       main
     0000817E  A$main$172                         main
     00008180  A$main$174                         main
     00008183  A$main$178                         main
     00008183  Smain$init$11                      main
     00008185  A$main$180                         main
     00008188  A$main$184                         main
     00008188  Smain$init$12                      main
     0000818A  A$main$187                         main
     0000818A  Smain$init$13                      main
     0000818C  A$main$189                         main
     0000818F  A$main$194                         main
     0000818F  Smain$init$14                      main
     0000818F  Smain$init$15                      main
     00008190  A$main$202                         main
     00008190  Smain$init$16                      main
     00008190  Smain$init$17                      main
     00008190  XG$init$0$0                        main
     00008191  A$main$214                         main
     00008191  Smain$init$18                      main
     00008191  Smain$main$19                      main
     00008191  Smain$main$20                      main
     00008191  _main                              main
     00008193  A$main$219                         main
     00008193  Smain$main$21                      main
     00008193  Smain$main$22                      main
     00008194  A$main$220                         main
     00008196  A$main$221                         main
     00008198  A$main$225                         main
     00008198  Smain$main$23                      main
     0000819B  A$main$234                         main
     0000819B  Smain$main$24                      main
     0000819B  Smain$main$25                      main
     0000819B  Smain$main$26                      main
     0000819E  A$main$235                         main
     000081A0  A$main$236                         main
     000081A2  A$main$238                         main
     000081A4  A$main$239                         main
     000081A7  A$main$240                         main
     000081A9  A$main$241                         main
     000081AB  A$main$242                         main
     000081AD  A$main$243                         main
     000081AF  A$main$244                         main
     000081B1  A$main$245                         main
     000081B3  A$main$246                         main
     000081B5  A$main$249                         main
     000081B8  A$main$250                         main
     000081BA  A$main$251                         main
     000081BB  A$main$252                         main
     000081BD  A$main$253                         main
ASxxxx Linker V03.00/V05.40 + sdld,  page 13.
Hexadecimal  [32-Bits]

Area                                    Addr        Size        Decimal Bytes (Attributes)
--------------------------------        ----        ----        ------- ----- ------------
CODE                                00008099    000004CB =        1227. bytes (REL,CON)

      Value  Global                              Global Defined In Module
      -----  --------------------------------   ------------------------
     000081BE  A$main$254                         main
     000081C0  A$main$255                         main
     000081C2  A$main$256                         main
     000081C5  A$main$263                         main
     000081C5  Smain$main$27                      main
     000081C5  Smain$main$28                      main
     000081C8  A$main$264                         main
     000081CA  A$main$265                         main
     000081CC  A$main$268                         main
     000081CC  Smain$main$29                      main
     000081CF  A$main$274                         main
     000081CF  Smain$main$30                      main
     000081D1  A$main$278                         main
     000081D1  Smain$main$31                      main
     000081D1  Smain$main$32                      main
     000081D1  XG$main$0$0                        main
     000081D2  A$milis$69                         milis
     000081D2  Smain$main$33                      main
     000081D2  Smilis$milis$0                     milis
     000081D2  Smilis$milis$1                     milis
     000081D2  _milis                             milis
     000081D4  A$milis$74                         milis
     000081D4  Smilis$milis$2                     milis
     000081D4  Smilis$milis$3                     milis
     000081D6  A$milis$77                         milis
     000081D6  Smilis$milis$4                     milis
     000081D8  A$milis$79                         milis
     000081DB  A$milis$84                         milis
     000081DB  Smilis$milis$5                     milis
     000081DB  Smilis$milis$6                     milis
     000081DE  A$milis$85                         milis
     000081E2  A$milis$86                         milis
     000081E4  A$milis$90                         milis
     000081E4  Smilis$milis$7                     milis
     000081E5  A$milis$92                         milis
     000081E5  Smilis$milis$8                     milis
     000081E7  A$milis$95                         milis
     000081E7  Smilis$milis$9                     milis
     000081E9  A$milis$97                         milis
     000081EC  A$milis$99                         milis
     000081EC  Smilis$milis$10                    milis
     000081ED  A$milis$104                        milis
     000081ED  Smilis$milis$11                    milis
     000081ED  Smilis$milis$12                    milis
     000081EF  A$milis$110                        milis
     000081EF  Smilis$milis$13                    milis
     000081F1  A$milis$114                        milis
     000081F1  Smilis$milis$14                    milis
     000081F1  Smilis$milis$15                    milis
     000081F1  XG$milis$0$0                       milis
     000081F2  A$milis$129                        milis
ASxxxx Linker V03.00/V05.40 + sdld,  page 14.
Hexadecimal  [32-Bits]

Area                                    Addr        Size        Decimal Bytes (Attributes)
--------------------------------        ----        ----        ------- ----- ------------
CODE                                00008099    000004CB =        1227. bytes (REL,CON)

      Value  Global                              Global Defined In Module
      -----  --------------------------------   ------------------------
     000081F2  Smilis$init_milis$17               milis
     000081F2  Smilis$init_milis$18               milis
     000081F2  Smilis$init_milis$19               milis
     000081F2  Smilis$milis$16                    milis
     000081F2  _init_milis                        milis
     000081F4  A$milis$132                        milis
     000081F4  Smilis$init_milis$20               milis
     000081F6  A$milis$134                        milis
     000081F9  A$milis$139                        milis
     000081F9  Smilis$init_milis$21               milis
     000081F9  Smilis$init_milis$22               milis
     000081FB  A$milis$141                        milis
     000081FE  A$milis$145                        milis
     000081FE  Smilis$init_milis$23               milis
     00008200  A$milis$148                        milis
     00008200  Smilis$init_milis$24               milis
     00008202  A$milis$150                        milis
     00008205  A$milis$155                        milis
     00008205  Smilis$init_milis$25               milis
     00008205  Smilis$init_milis$26               milis
     00008207  A$milis$158                        milis
     00008207  Smilis$init_milis$27               milis
     00008209  A$milis$160                        milis
     0000820C  A$milis$165                        milis
     0000820C  Smilis$init_milis$28               milis
     0000820C  Smilis$init_milis$29               milis
     0000820D  A$milis$169                        milis
     0000820D  Smilis$init_milis$30               milis
     0000820F  A$milis$171                        milis
     00008212  A$milis$179                        milis
     00008212  Smilis$init_milis$31               milis
     00008212  Smilis$init_milis$32               milis
     00008212  XG$init_milis$0$0                  milis
     00008213  A$stm8s_it$94                      stm8s_it
     00008213  Smilis$init_milis$33               milis
     00008213  Sstm8s_it$TRAP_IRQHandler$0        stm8s_it
     00008213  Sstm8s_it$TRAP_IRQHandler$1        stm8s_it
     00008213  Sstm8s_it$TRAP_IRQHandler$2        stm8s_it
     00008213  Sstm8s_it$TRAP_IRQHandler$3        stm8s_it
     00008213  XG$TRAP_IRQHandler$0$0             stm8s_it
     00008213  _TRAP_IRQHandler                   stm8s_it
     00008214  A$stm8s_it$113                     stm8s_it
     00008214  Sstm8s_it$TLI_IRQHandler$5         stm8s_it
     00008214  Sstm8s_it$TLI_IRQHandler$6         stm8s_it
     00008214  Sstm8s_it$TLI_IRQHandler$7         stm8s_it
     00008214  Sstm8s_it$TLI_IRQHandler$8         stm8s_it
     00008214  Sstm8s_it$TRAP_IRQHandler$4        stm8s_it
     00008214  XG$TLI_IRQHandler$0$0              stm8s_it
     00008214  _TLI_IRQHandler                    stm8s_it
     00008215  A$stm8s_it$132                     stm8s_it
     00008215  Sstm8s_it$AWU_IRQHandler$10        stm8s_it
ASxxxx Linker V03.00/V05.40 + sdld,  page 15.
Hexadecimal  [32-Bits]

Area                                    Addr        Size        Decimal Bytes (Attributes)
--------------------------------        ----        ----        ------- ----- ------------
CODE                                00008099    000004CB =        1227. bytes (REL,CON)

      Value  Global                              Global Defined In Module
      -----  --------------------------------   ------------------------
     00008215  Sstm8s_it$AWU_IRQHandler$11        stm8s_it
     00008215  Sstm8s_it$AWU_IRQHandler$12        stm8s_it
     00008215  Sstm8s_it$AWU_IRQHandler$13        stm8s_it
     00008215  Sstm8s_it$TLI_IRQHandler$9         stm8s_it
     00008215  XG$AWU_IRQHandler$0$0              stm8s_it
     00008215  _AWU_IRQHandler                    stm8s_it
     00008216  A$stm8s_it$151                     stm8s_it
     00008216  Sstm8s_it$AWU_IRQHandler$14        stm8s_it
     00008216  Sstm8s_it$CLK_IRQHandler$15        stm8s_it
     00008216  Sstm8s_it$CLK_IRQHandler$16        stm8s_it
     00008216  Sstm8s_it$CLK_IRQHandler$17        stm8s_it
     00008216  Sstm8s_it$CLK_IRQHandler$18        stm8s_it
     00008216  XG$CLK_IRQHandler$0$0              stm8s_it
     00008216  _CLK_IRQHandler                    stm8s_it
     00008217  A$stm8s_it$170                     stm8s_it
     00008217  Sstm8s_it$CLK_IRQHandler$19        stm8s_it
     00008217  Sstm8s_it$EXTI_PORTA_IRQHandler$   stm8s_it
     00008217  Sstm8s_it$EXTI_PORTA_IRQHandler$   stm8s_it
     00008217  Sstm8s_it$EXTI_PORTA_IRQHandler$   stm8s_it
     00008217  Sstm8s_it$EXTI_PORTA_IRQHandler$   stm8s_it
     00008217  XG$EXTI_PORTA_IRQHandler$0$0       stm8s_it
     00008217  _EXTI_PORTA_IRQHandler             stm8s_it
     00008218  A$stm8s_it$189                     stm8s_it
     00008218  Sstm8s_it$EXTI_PORTA_IRQHandler$   stm8s_it
     00008218  Sstm8s_it$EXTI_PORTB_IRQHandler$   stm8s_it
     00008218  Sstm8s_it$EXTI_PORTB_IRQHandler$   stm8s_it
     00008218  Sstm8s_it$EXTI_PORTB_IRQHandler$   stm8s_it
     00008218  Sstm8s_it$EXTI_PORTB_IRQHandler$   stm8s_it
     00008218  XG$EXTI_PORTB_IRQHandler$0$0       stm8s_it
     00008218  _EXTI_PORTB_IRQHandler             stm8s_it
     00008219  A$stm8s_it$208                     stm8s_it
     00008219  Sstm8s_it$EXTI_PORTB_IRQHandler$   stm8s_it
     00008219  Sstm8s_it$EXTI_PORTC_IRQHandler$   stm8s_it
     00008219  Sstm8s_it$EXTI_PORTC_IRQHandler$   stm8s_it
     00008219  Sstm8s_it$EXTI_PORTC_IRQHandler$   stm8s_it
     00008219  Sstm8s_it$EXTI_PORTC_IRQHandler$   stm8s_it
     00008219  XG$EXTI_PORTC_IRQHandler$0$0       stm8s_it
     00008219  _EXTI_PORTC_IRQHandler             stm8s_it
     0000821A  A$stm8s_it$227                     stm8s_it
     0000821A  Sstm8s_it$EXTI_PORTC_IRQHandler$   stm8s_it
     0000821A  Sstm8s_it$EXTI_PORTD_IRQHandler$   stm8s_it
     0000821A  Sstm8s_it$EXTI_PORTD_IRQHandler$   stm8s_it
     0000821A  Sstm8s_it$EXTI_PORTD_IRQHandler$   stm8s_it
     0000821A  Sstm8s_it$EXTI_PORTD_IRQHandler$   stm8s_it
     0000821A  XG$EXTI_PORTD_IRQHandler$0$0       stm8s_it
     0000821A  _EXTI_PORTD_IRQHandler             stm8s_it
     0000821B  A$stm8s_it$246                     stm8s_it
     0000821B  Sstm8s_it$EXTI_PORTD_IRQHandler$   stm8s_it
     0000821B  Sstm8s_it$EXTI_PORTE_IRQHandler$   stm8s_it
     0000821B  Sstm8s_it$EXTI_PORTE_IRQHandler$   stm8s_it
     0000821B  Sstm8s_it$EXTI_PORTE_IRQHandler$   stm8s_it
ASxxxx Linker V03.00/V05.40 + sdld,  page 16.
Hexadecimal  [32-Bits]

Area                                    Addr        Size        Decimal Bytes (Attributes)
--------------------------------        ----        ----        ------- ----- ------------
CODE                                00008099    000004CB =        1227. bytes (REL,CON)

      Value  Global                              Global Defined In Module
      -----  --------------------------------   ------------------------
     0000821B  Sstm8s_it$EXTI_PORTE_IRQHandler$   stm8s_it
     0000821B  XG$EXTI_PORTE_IRQHandler$0$0       stm8s_it
     0000821B  _EXTI_PORTE_IRQHandler             stm8s_it
     0000821C  A$stm8s_it$265                     stm8s_it
     0000821C  Sstm8s_it$CAN_RX_IRQHandler$45     stm8s_it
     0000821C  Sstm8s_it$CAN_RX_IRQHandler$46     stm8s_it
     0000821C  Sstm8s_it$CAN_RX_IRQHandler$47     stm8s_it
     0000821C  Sstm8s_it$CAN_RX_IRQHandler$48     stm8s_it
     0000821C  Sstm8s_it$EXTI_PORTE_IRQHandler$   stm8s_it
     0000821C  XG$CAN_RX_IRQHandler$0$0           stm8s_it
     0000821C  _CAN_RX_IRQHandler                 stm8s_it
     0000821D  A$stm8s_it$284                     stm8s_it
     0000821D  Sstm8s_it$CAN_RX_IRQHandler$49     stm8s_it
     0000821D  Sstm8s_it$CAN_TX_IRQHandler$50     stm8s_it
     0000821D  Sstm8s_it$CAN_TX_IRQHandler$51     stm8s_it
     0000821D  Sstm8s_it$CAN_TX_IRQHandler$52     stm8s_it
     0000821D  Sstm8s_it$CAN_TX_IRQHandler$53     stm8s_it
     0000821D  XG$CAN_TX_IRQHandler$0$0           stm8s_it
     0000821D  _CAN_TX_IRQHandler                 stm8s_it
     0000821E  A$stm8s_it$303                     stm8s_it
     0000821E  Sstm8s_it$CAN_TX_IRQHandler$54     stm8s_it
     0000821E  Sstm8s_it$SPI_IRQHandler$55        stm8s_it
     0000821E  Sstm8s_it$SPI_IRQHandler$56        stm8s_it
     0000821E  Sstm8s_it$SPI_IRQHandler$57        stm8s_it
     0000821E  Sstm8s_it$SPI_IRQHandler$58        stm8s_it
     0000821E  XG$SPI_IRQHandler$0$0              stm8s_it
     0000821E  _SPI_IRQHandler                    stm8s_it
     0000821F  A$stm8s_it$322                     stm8s_it
     0000821F  Sstm8s_it$SPI_IRQHandler$59        stm8s_it
     0000821F  Sstm8s_it$TIM1_UPD_OVF_TRG_BRK_I   stm8s_it
     0000821F  Sstm8s_it$TIM1_UPD_OVF_TRG_BRK_I   stm8s_it
     0000821F  Sstm8s_it$TIM1_UPD_OVF_TRG_BRK_I   stm8s_it
     0000821F  Sstm8s_it$TIM1_UPD_OVF_TRG_BRK_I   stm8s_it
     0000821F  XG$TIM1_UPD_OVF_TRG_BRK_IRQHandl   stm8s_it
     0000821F  _TIM1_UPD_OVF_TRG_BRK_IRQHandler   stm8s_it
     00008220  A$stm8s_it$341                     stm8s_it
     00008220  Sstm8s_it$TIM1_CAP_COM_IRQHandle   stm8s_it
     00008220  Sstm8s_it$TIM1_CAP_COM_IRQHandle   stm8s_it
     00008220  Sstm8s_it$TIM1_CAP_COM_IRQHandle   stm8s_it
     00008220  Sstm8s_it$TIM1_CAP_COM_IRQHandle   stm8s_it
     00008220  Sstm8s_it$TIM1_UPD_OVF_TRG_BRK_I   stm8s_it
     00008220  XG$TIM1_CAP_COM_IRQHandler$0$0     stm8s_it
     00008220  _TIM1_CAP_COM_IRQHandler           stm8s_it
     00008221  A$stm8s_it$360                     stm8s_it
     00008221  Sstm8s_it$TIM1_CAP_COM_IRQHandle   stm8s_it
     00008221  Sstm8s_it$TIM2_UPD_OVF_BRK_IRQHa   stm8s_it
     00008221  Sstm8s_it$TIM2_UPD_OVF_BRK_IRQHa   stm8s_it
     00008221  Sstm8s_it$TIM2_UPD_OVF_BRK_IRQHa   stm8s_it
     00008221  Sstm8s_it$TIM2_UPD_OVF_BRK_IRQHa   stm8s_it
     00008221  XG$TIM2_UPD_OVF_BRK_IRQHandler$0   stm8s_it
     00008221  _TIM2_UPD_OVF_BRK_IRQHandler       stm8s_it
ASxxxx Linker V03.00/V05.40 + sdld,  page 17.
Hexadecimal  [32-Bits]

Area                                    Addr        Size        Decimal Bytes (Attributes)
--------------------------------        ----        ----        ------- ----- ------------
CODE                                00008099    000004CB =        1227. bytes (REL,CON)

      Value  Global                              Global Defined In Module
      -----  --------------------------------   ------------------------
     00008222  A$stm8s_it$379                     stm8s_it
     00008222  Sstm8s_it$TIM2_CAP_COM_IRQHandle   stm8s_it
     00008222  Sstm8s_it$TIM2_CAP_COM_IRQHandle   stm8s_it
     00008222  Sstm8s_it$TIM2_CAP_COM_IRQHandle   stm8s_it
     00008222  Sstm8s_it$TIM2_CAP_COM_IRQHandle   stm8s_it
     00008222  Sstm8s_it$TIM2_UPD_OVF_BRK_IRQHa   stm8s_it
     00008222  XG$TIM2_CAP_COM_IRQHandler$0$0     stm8s_it
     00008222  _TIM2_CAP_COM_IRQHandler           stm8s_it
     00008223  A$stm8s_it$391                     stm8s_it
     00008223  Sstm8s_it$TIM2_CAP_COM_IRQHandle   stm8s_it
     00008223  Sstm8s_it$TIM3_UPD_OVF_BRK_IRQHa   stm8s_it
     00008223  _TIM3_UPD_OVF_BRK_IRQHandler       stm8s_it
     00008224  A$stm8s_it$396                     stm8s_it
     00008224  Sstm8s_it$TIM3_UPD_OVF_BRK_IRQHa   stm8s_it
     00008224  Sstm8s_it$TIM3_UPD_OVF_BRK_IRQHa   stm8s_it
     00008225  A$stm8s_it$397                     stm8s_it
     00008226  A$stm8s_it$399                     stm8s_it
     00008229  A$stm8s_it$403                     stm8s_it
     00008229  Sstm8s_it$TIM3_UPD_OVF_BRK_IRQHa   stm8s_it
     0000822B  A$stm8s_it$405                     stm8s_it
     0000822E  A$stm8s_it$407                     stm8s_it
     00008231  A$stm8s_it$415                     stm8s_it
     00008231  Sstm8s_it$TIM3_UPD_OVF_BRK_IRQHa   stm8s_it
     00008231  Sstm8s_it$TIM3_UPD_OVF_BRK_IRQHa   stm8s_it
     00008231  XG$TIM3_UPD_OVF_BRK_IRQHandler$0   stm8s_it
     00008232  A$stm8s_it$434                     stm8s_it
     00008232  Sstm8s_it$TIM3_CAP_COM_IRQHandle   stm8s_it
     00008232  Sstm8s_it$TIM3_CAP_COM_IRQHandle   stm8s_it
     00008232  Sstm8s_it$TIM3_CAP_COM_IRQHandle   stm8s_it
     00008232  Sstm8s_it$TIM3_CAP_COM_IRQHandle   stm8s_it
     00008232  Sstm8s_it$TIM3_UPD_OVF_BRK_IRQHa   stm8s_it
     00008232  XG$TIM3_CAP_COM_IRQHandler$0$0     stm8s_it
     00008232  _TIM3_CAP_COM_IRQHandler           stm8s_it
     00008233  A$stm8s_it$453                     stm8s_it
     00008233  Sstm8s_it$TIM3_CAP_COM_IRQHandle   stm8s_it
     00008233  Sstm8s_it$UART1_TX_IRQHandler$92   stm8s_it
     00008233  Sstm8s_it$UART1_TX_IRQHandler$93   stm8s_it
     00008233  Sstm8s_it$UART1_TX_IRQHandler$94   stm8s_it
     00008233  Sstm8s_it$UART1_TX_IRQHandler$95   stm8s_it
     00008233  XG$UART1_TX_IRQHandler$0$0         stm8s_it
     00008233  _UART1_TX_IRQHandler               stm8s_it
     00008234  A$stm8s_it$472                     stm8s_it
     00008234  Sstm8s_it$UART1_RX_IRQHandler$10   stm8s_it
     00008234  Sstm8s_it$UART1_RX_IRQHandler$97   stm8s_it
     00008234  Sstm8s_it$UART1_RX_IRQHandler$98   stm8s_it
     00008234  Sstm8s_it$UART1_RX_IRQHandler$99   stm8s_it
     00008234  Sstm8s_it$UART1_TX_IRQHandler$96   stm8s_it
     00008234  XG$UART1_RX_IRQHandler$0$0         stm8s_it
     00008234  _UART1_RX_IRQHandler               stm8s_it
     00008235  A$stm8s_it$491                     stm8s_it
     00008235  Sstm8s_it$I2C_IRQHandler$102       stm8s_it
ASxxxx Linker V03.00/V05.40 + sdld,  page 18.
Hexadecimal  [32-Bits]

Area                                    Addr        Size        Decimal Bytes (Attributes)
--------------------------------        ----        ----        ------- ----- ------------
CODE                                00008099    000004CB =        1227. bytes (REL,CON)

      Value  Global                              Global Defined In Module
      -----  --------------------------------   ------------------------
     00008235  Sstm8s_it$I2C_IRQHandler$103       stm8s_it
     00008235  Sstm8s_it$I2C_IRQHandler$104       stm8s_it
     00008235  Sstm8s_it$I2C_IRQHandler$105       stm8s_it
     00008235  Sstm8s_it$UART1_RX_IRQHandler$10   stm8s_it
     00008235  XG$I2C_IRQHandler$0$0              stm8s_it
     00008235  _I2C_IRQHandler                    stm8s_it
     00008236  A$stm8s_it$510                     stm8s_it
     00008236  Sstm8s_it$I2C_IRQHandler$106       stm8s_it
     00008236  Sstm8s_it$UART3_TX_IRQHandler$10   stm8s_it
     00008236  Sstm8s_it$UART3_TX_IRQHandler$10   stm8s_it
     00008236  Sstm8s_it$UART3_TX_IRQHandler$10   stm8s_it
     00008236  Sstm8s_it$UART3_TX_IRQHandler$11   stm8s_it
     00008236  XG$UART3_TX_IRQHandler$0$0         stm8s_it
     00008236  _UART3_TX_IRQHandler               stm8s_it
     00008237  A$stm8s_it$529                     stm8s_it
     00008237  Sstm8s_it$UART3_RX_IRQHandler$11   stm8s_it
     00008237  Sstm8s_it$UART3_RX_IRQHandler$11   stm8s_it
     00008237  Sstm8s_it$UART3_RX_IRQHandler$11   stm8s_it
     00008237  Sstm8s_it$UART3_RX_IRQHandler$11   stm8s_it
     00008237  Sstm8s_it$UART3_TX_IRQHandler$11   stm8s_it
     00008237  XG$UART3_RX_IRQHandler$0$0         stm8s_it
     00008237  _UART3_RX_IRQHandler               stm8s_it
     00008238  A$stm8s_it$551                     stm8s_it
     00008238  Sstm8s_it$ADC2_IRQHandler$117      stm8s_it
     00008238  Sstm8s_it$ADC2_IRQHandler$118      stm8s_it
     00008238  Sstm8s_it$ADC2_IRQHandler$119      stm8s_it
     00008238  Sstm8s_it$ADC2_IRQHandler$120      stm8s_it
     00008238  Sstm8s_it$ADC2_IRQHandler$121      stm8s_it
     00008238  Sstm8s_it$UART3_RX_IRQHandler$11   stm8s_it
     00008238  XG$ADC2_IRQHandler$0$0             stm8s_it
     00008238  _ADC2_IRQHandler                   stm8s_it
     00008239  A$stm8s_it$563                     stm8s_it
     00008239  Sstm8s_it$ADC2_IRQHandler$122      stm8s_it
     00008239  Sstm8s_it$TIM4_UPD_OVF_IRQHandle   stm8s_it
     00008239  _TIM4_UPD_OVF_IRQHandler           stm8s_it
     0000823A  A$stm8s_it$568                     stm8s_it
     0000823A  Sstm8s_it$TIM4_UPD_OVF_IRQHandle   stm8s_it
     0000823A  Sstm8s_it$TIM4_UPD_OVF_IRQHandle   stm8s_it
     0000823C  A$stm8s_it$570                     stm8s_it
     0000823F  A$stm8s_it$574                     stm8s_it
     0000823F  Sstm8s_it$TIM4_UPD_OVF_IRQHandle   stm8s_it
     00008242  A$stm8s_it$575                     stm8s_it
     00008246  A$stm8s_it$577                     stm8s_it
     00008247  A$stm8s_it$578                     stm8s_it
     00008249  A$stm8s_it$579                     stm8s_it
     0000824B  A$stm8s_it$582                     stm8s_it
     0000824E  A$stm8s_it$583                     stm8s_it
     00008252  A$stm8s_it$591                     stm8s_it
     00008252  Sstm8s_it$TIM4_UPD_OVF_IRQHandle   stm8s_it
     00008252  Sstm8s_it$TIM4_UPD_OVF_IRQHandle   stm8s_it
     00008252  XG$TIM4_UPD_OVF_IRQHandler$0$0     stm8s_it
ASxxxx Linker V03.00/V05.40 + sdld,  page 19.
Hexadecimal  [32-Bits]

Area                                    Addr        Size        Decimal Bytes (Attributes)
--------------------------------        ----        ----        ------- ----- ------------
CODE                                00008099    000004CB =        1227. bytes (REL,CON)

      Value  Global                              Global Defined In Module
      -----  --------------------------------   ------------------------
     00008253  A$stm8s_it$610                     stm8s_it
     00008253  Sstm8s_it$EEPROM_EEC_IRQHandler$   stm8s_it
     00008253  Sstm8s_it$EEPROM_EEC_IRQHandler$   stm8s_it
     00008253  Sstm8s_it$EEPROM_EEC_IRQHandler$   stm8s_it
     00008253  Sstm8s_it$EEPROM_EEC_IRQHandler$   stm8s_it
     00008253  Sstm8s_it$TIM4_UPD_OVF_IRQHandle   stm8s_it
     00008253  XG$EEPROM_EEC_IRQHandler$0$0       stm8s_it
     00008253  _EEPROM_EEC_IRQHandler             stm8s_it
     00008254  Sstm8s_it$EEPROM_EEC_IRQHandler$   stm8s_it
     00008254  _GPIO_Init                         stm8s_gpio_GPIO_Init
     000082DE  _TIM3_ITConfig                     stm8s_tim3_TIM3_ITConfig
     00008300  _TIM4_ITConfig                     stm8s_tim4_TIM4_ITConfig
     00008322  _GPIO_WriteReverse                 stm8s_gpio_GPIO_WriteReverse
     0000832B  __divulong                         _divulong
     00008384  ___sdcc_external_startup           _startup
     00008386  _TIM3_Cmd                          stm8s_tim3_TIM3_Cmd
     000083A2  _TIM4_Cmd                          stm8s_tim4_TIM4_Cmd
     000083BE  _CLK_HSIPrescalerConfig            stm8s_clk_CLK_HSIPrescalerCo
     000083D3  _ITC_SetSoftwarePriority           stm8s_itc_ITC_SetSoftwarePri
     000084C0  _TIM3_TimeBaseInit                 stm8s_tim3_TIM3_TimeBaseInit
     000084CC  _TIM4_TimeBaseInit                 stm8s_tim4_TIM4_TimeBaseInit
     000084D8  _TIM3_ClearFlag                    stm8s_tim3_TIM3_ClearFlag
     000084E3  __mullong                          
     0000855F  _TIM4_ClearFlag                    stm8s_tim4_TIM4_ClearFlag

ASxxxx Linker V03.00/V05.40 + sdld,  page 20.
Hexadecimal  [32-Bits]

Area                                    Addr        Size        Decimal Bytes (Attributes)
--------------------------------        ----        ----        ------- ----- ------------
.debug_line                         00000000    00000945 =        2373. bytes (REL,CON)

      Value  Global                              Global Defined In Module
      -----  --------------------------------   ------------------------
ASxxxx Linker V03.00/V05.40 + sdld,  page 21.
Hexadecimal  [32-Bits]

Area                                    Addr        Size        Decimal Bytes (Attributes)
--------------------------------        ----        ----        ------- ----- ------------
.debug_loc                          00000000    0000053C =        1340. bytes (REL,CON)

      Value  Global                              Global Defined In Module
      -----  --------------------------------   ------------------------
ASxxxx Linker V03.00/V05.40 + sdld,  page 22.
Hexadecimal  [32-Bits]

Area                                    Addr        Size        Decimal Bytes (Attributes)
--------------------------------        ----        ----        ------- ----- ------------
.debug_abbrev                       00000000    00000169 =         361. bytes (REL,CON)

      Value  Global                              Global Defined In Module
      -----  --------------------------------   ------------------------
ASxxxx Linker V03.00/V05.40 + sdld,  page 23.
Hexadecimal  [32-Bits]

Area                                    Addr        Size        Decimal Bytes (Attributes)
--------------------------------        ----        ----        ------- ----- ------------
.debug_info                         00000000    0000093F =        2367. bytes (REL,CON)

      Value  Global                              Global Defined In Module
      -----  --------------------------------   ------------------------
ASxxxx Linker V03.00/V05.40 + sdld,  page 24.
Hexadecimal  [32-Bits]

Area                                    Addr        Size        Decimal Bytes (Attributes)
--------------------------------        ----        ----        ------- ----- ------------
.debug_pubnames                     00000000    00000330 =         816. bytes (REL,CON)

      Value  Global                              Global Defined In Module
      -----  --------------------------------   ------------------------
ASxxxx Linker V03.00/V05.40 + sdld,  page 25.
Hexadecimal  [32-Bits]

Area                                    Addr        Size        Decimal Bytes (Attributes)
--------------------------------        ----        ----        ------- ----- ------------
.debug_frame                        00000000    00000764 =        1892. bytes (REL,CON)

      Value  Global                              Global Defined In Module
      -----  --------------------------------   ------------------------
ASxxxx Linker V03.00/V05.40 + sdld,  page 26.
Hexadecimal  [32-Bits]

Area                                    Addr        Size        Decimal Bytes (Attributes)
--------------------------------        ----        ----        ------- ----- ------------
SSEG                                00008564    00000001 =           1. bytes (REL,CON)

      Value  Global                              Global Defined In Module
      -----  --------------------------------   ------------------------
ASxxxx Linker V03.00/V05.40 + sdld,  page 27.

Files Linked                              [ module(s) ]

build-STM8S208-elf/delay.rel              [ delay ]
build-STM8S208-elf/main.rel               [ main ]
build-STM8S208-elf/milis.rel              [ milis ]
build-STM8S208-elf/stm8s_it.rel           [ stm8s_it ]


Libraries Linked                          [ object file ]

../SPLSPL/spl-STM8S208.elf.lib            [ stm8s_gpio_GPIO_Init.rel ]
../SPLSPL/spl-STM8S208.elf.lib            [ stm8s_tim3_TIM3_ITConfig.rel ]
../SPLSPL/spl-STM8S208.elf.lib            [ stm8s_tim4_TIM4_ITConfig.rel ]
../SPLSPL/spl-STM8S208.elf.lib            [ stm8s_gpio_GPIO_WriteReverse.rel ]
/usr/local/stow/sdcc-4.4.0/bin/../share/sdcc/lib/stm8/stm8.lib
                                          [ _divulong.rel ]
/usr/local/stow/sdcc-4.4.0/bin/../share/sdcc/lib/stm8/stm8.lib
                                          [ _startup.rel ]
../SPLSPL/spl-STM8S208.elf.lib            [ stm8s_tim3_TIM3_Cmd.rel ]
../SPLSPL/spl-STM8S208.elf.lib            [ stm8s_tim4_TIM4_Cmd.rel ]
../SPLSPL/spl-STM8S208.elf.lib            [ stm8s_clk_CLK_HSIPrescalerConfig ]
../SPLSPL/spl-STM8S208.elf.lib            [ stm8s_itc_ITC_SetSoftwarePriorit ]
../SPLSPL/spl-STM8S208.elf.lib            [ stm8s_tim3_TIM3_TimeBaseInit.rel ]
../SPLSPL/spl-STM8S208.elf.lib            [ stm8s_tim4_TIM4_TimeBaseInit.rel ]
../SPLSPL/spl-STM8S208.elf.lib            [ stm8s_tim3_TIM3_ClearFlag.rel ]
/usr/local/stow/sdcc-4.4.0/bin/../share/sdcc/lib/stm8/stm8.lib
                                          [ _mullong.rel ]
../SPLSPL/spl-STM8S208.elf.lib            [ stm8s_tim4_TIM4_ClearFlag.rel ]

ASxxxx Linker V03.00/V05.40 + sdld,  page 28.

User Base Address Definitions

HOME = 0x8000
DATA = 0x0001

