                                      1 ;--------------------------------------------------------
                                      2 ; File Created by SDCC : free open source ISO C Compiler 
                                      3 ; Version 4.4.0 #14620 (Linux)
                                      4 ;--------------------------------------------------------
                                      5 	.module main
                                      6 	.optsdcc -mstm8
                                      7 	
                                      8 ;--------------------------------------------------------
                                      9 ; Public variables in this module
                                     10 ;--------------------------------------------------------
                                     11 	.globl _main
                                     12 	.globl _milis
                                     13 	.globl _init_milis
                                     14 	.globl _TIM3_ITConfig
                                     15 	.globl _TIM3_Cmd
                                     16 	.globl _TIM3_TimeBaseInit
                                     17 	.globl _GPIO_ReadInputPin
                                     18 	.globl _GPIO_Init
                                     19 	.globl _CLK_HSIPrescalerConfig
                                     20 	.globl _ledpointer
                                     21 	.globl _init
                                     22 ;--------------------------------------------------------
                                     23 ; ram data
                                     24 ;--------------------------------------------------------
                                     25 	.area DATA
                                     26 ;--------------------------------------------------------
                                     27 ; ram data
                                     28 ;--------------------------------------------------------
                                     29 	.area INITIALIZED
      000000                         30 _ledpointer::
      000000                         31 	.ds 1
                                     32 ;--------------------------------------------------------
                                     33 ; Stack segment in internal ram
                                     34 ;--------------------------------------------------------
                                     35 	.area SSEG
      000000                         36 __start__stack:
      000000                         37 	.ds	1
                                     38 
                                     39 ;--------------------------------------------------------
                                     40 ; absolute external ram data
                                     41 ;--------------------------------------------------------
                                     42 	.area DABS (ABS)
                                     43 
                                     44 ; default segment ordering for linker
                                     45 	.area HOME
                                     46 	.area GSINIT
                                     47 	.area GSFINAL
                                     48 	.area CONST
                                     49 	.area INITIALIZER
                                     50 	.area CODE
                                     51 
                                     52 ;--------------------------------------------------------
                                     53 ; interrupt vector
                                     54 ;--------------------------------------------------------
                                     55 	.area HOME
      000000                         56 __interrupt_vect:
      000000 82v00u00u00             57 	int s_GSINIT ; reset
      000004 82v00u00u00             58 	int _TRAP_IRQHandler ; trap
      000008 82v00u00u00             59 	int _TLI_IRQHandler ; int0
      00000C 82v00u00u00             60 	int _AWU_IRQHandler ; int1
      000010 82v00u00u00             61 	int _CLK_IRQHandler ; int2
      000014 82v00u00u00             62 	int _EXTI_PORTA_IRQHandler ; int3
      000018 82v00u00u00             63 	int _EXTI_PORTB_IRQHandler ; int4
      00001C 82v00u00u00             64 	int _EXTI_PORTC_IRQHandler ; int5
      000020 82v00u00u00             65 	int _EXTI_PORTD_IRQHandler ; int6
      000024 82v00u00u00             66 	int _EXTI_PORTE_IRQHandler ; int7
      000028 82v00u00u00             67 	int _CAN_RX_IRQHandler ; int8
      00002C 82v00u00u00             68 	int _CAN_TX_IRQHandler ; int9
      000030 82v00u00u00             69 	int _SPI_IRQHandler ; int10
      000034 82v00u00u00             70 	int _TIM1_UPD_OVF_TRG_BRK_IRQHandler ; int11
      000038 82v00u00u00             71 	int _TIM1_CAP_COM_IRQHandler ; int12
      00003C 82v00u00u00             72 	int _TIM2_UPD_OVF_BRK_IRQHandler ; int13
      000040 82v00u00u00             73 	int _TIM2_CAP_COM_IRQHandler ; int14
      000044 82v00u00u00             74 	int _TIM3_UPD_OVF_BRK_IRQHandler ; int15
      000048 82v00u00u00             75 	int _TIM3_CAP_COM_IRQHandler ; int16
      00004C 82v00u00u00             76 	int _UART1_TX_IRQHandler ; int17
      000050 82v00u00u00             77 	int _UART1_RX_IRQHandler ; int18
      000054 82v00u00u00             78 	int _I2C_IRQHandler ; int19
      000058 82v00u00u00             79 	int _UART3_TX_IRQHandler ; int20
      00005C 82v00u00u00             80 	int _UART3_RX_IRQHandler ; int21
      000060 82v00u00u00             81 	int _ADC2_IRQHandler ; int22
      000064 82v00u00u00             82 	int _TIM4_UPD_OVF_IRQHandler ; int23
      000068 82v00u00u00             83 	int _EEPROM_EEC_IRQHandler ; int24
                                     84 ;--------------------------------------------------------
                                     85 ; global & static initialisations
                                     86 ;--------------------------------------------------------
                                     87 	.area HOME
                                     88 	.area GSINIT
                                     89 	.area GSFINAL
                                     90 	.area GSINIT
      000000 CDr00r00         [ 4]   91 	call	___sdcc_external_startup
      000003 4D               [ 1]   92 	tnz	a
      000004 27 03            [ 1]   93 	jreq	__sdcc_init_data
      000006 CCr00r6C         [ 2]   94 	jp	__sdcc_program_startup
      000009                         95 __sdcc_init_data:
                                     96 ; stm8_genXINIT() start
      000009 AEr00r00         [ 2]   97 	ldw x, #l_DATA
      00000C 27 07            [ 1]   98 	jreq	00002$
      00000E                         99 00001$:
      00000E 72 4FuFFuFF      [ 1]  100 	clr (s_DATA - 1, x)
      000012 5A               [ 2]  101 	decw x
      000013 26 F9            [ 1]  102 	jrne	00001$
      000015                        103 00002$:
      000015 AEr00r00         [ 2]  104 	ldw	x, #l_INITIALIZER
      000018 27 09            [ 1]  105 	jreq	00004$
      00001A                        106 00003$:
      00001A D6uFFuFF         [ 1]  107 	ld	a, (s_INITIALIZER - 1, x)
      00001D D7uFFuFF         [ 1]  108 	ld	(s_INITIALIZED - 1, x), a
      000020 5A               [ 2]  109 	decw	x
      000021 26 F7            [ 1]  110 	jrne	00003$
      000023                        111 00004$:
                                    112 ; stm8_genXINIT() end
                                    113 	.area GSFINAL
      000000 CCr00r6C         [ 2]  114 	jp	__sdcc_program_startup
                                    115 ;--------------------------------------------------------
                                    116 ; Home
                                    117 ;--------------------------------------------------------
                                    118 	.area HOME
                                    119 	.area HOME
      00006C                        120 __sdcc_program_startup:
      00006C CCr00r45         [ 2]  121 	jp	_main
                                    122 ;	return from main will return to caller
                                    123 ;--------------------------------------------------------
                                    124 ; code
                                    125 ;--------------------------------------------------------
                                    126 	.area CODE
                                    127 ;	./src/main.c: 17: void init(void)
                                    128 ; genLabel
                                    129 ;	-----------------------------------------
                                    130 ;	 function init
                                    131 ;	-----------------------------------------
                                    132 ;	Register assignment is optimal.
                                    133 ;	Stack space usage: 0 bytes.
      000000                        134 _init:
                                    135 ;	./src/main.c: 19: CLK_HSIPrescalerConfig(CLK_PRESCALER_HSIDIV1); // taktovani MCU na 16MHz
                                    136 ; genSend
      000000 4F               [ 1]  137 	clr	a
                                    138 ; genCall
      000001 CDr00r00         [ 4]  139 	call	_CLK_HSIPrescalerConfig
                                    140 ;	./src/main.c: 20: init_milis();
                                    141 ; genCall
      000004 CDr00r00         [ 4]  142 	call	_init_milis
                                    143 ;	./src/main.c: 22: GPIO_Init(DB_LED6_PORT, DB_LED6_PIN, GPIO_MODE_OUT_PP_LOW_SLOW);
                                    144 ; genIPush
      000007 4B C0            [ 1]  145 	push	#0xc0
                                    146 ; genSend
      000009 A6 20            [ 1]  147 	ld	a, #0x20
                                    148 ; genSend
      00000B AE 50 1E         [ 2]  149 	ldw	x, #0x501e
                                    150 ; genCall
      00000E CDr00r00         [ 4]  151 	call	_GPIO_Init
                                    152 ;	./src/main.c: 23: GPIO_Init(DB_LED1_PORT, DB_LED1_PIN, GPIO_MODE_OUT_PP_LOW_SLOW);
                                    153 ; genIPush
      000011 4B C0            [ 1]  154 	push	#0xc0
                                    155 ; genSend
      000013 A6 01            [ 1]  156 	ld	a, #0x01
                                    157 ; genSend
      000015 AE 50 1E         [ 2]  158 	ldw	x, #0x501e
                                    159 ; genCall
      000018 CDr00r00         [ 4]  160 	call	_GPIO_Init
                                    161 ;	./src/main.c: 24: GPIO_Init(DB_LED8_PORT, DB_LED8_PIN, GPIO_MODE_OUT_PP_LOW_SLOW);
                                    162 ; genIPush
      00001B 4B C0            [ 1]  163 	push	#0xc0
                                    164 ; genSend
      00001D A6 80            [ 1]  165 	ld	a, #0x80
                                    166 ; genSend
      00001F AE 50 1E         [ 2]  167 	ldw	x, #0x501e
                                    168 ; genCall
      000022 CDr00r00         [ 4]  169 	call	_GPIO_Init
                                    170 ;	./src/main.c: 25: GPIO_Init(DB_S1_PORT, DB_S1_PIN, GPIO_MODE_IN_PU_NO_IT);
                                    171 ; genIPush
      000025 4B 40            [ 1]  172 	push	#0x40
                                    173 ; genSend
      000027 A6 04            [ 1]  174 	ld	a, #0x04
                                    175 ; genSend
      000029 AE 50 05         [ 2]  176 	ldw	x, #0x5005
                                    177 ; genCall
      00002C CDr00r00         [ 4]  178 	call	_GPIO_Init
                                    179 ;	./src/main.c: 27: TIM3_TimeBaseInit(TIM3_PRESCALER_128, 50000 - 1);
                                    180 ; genSend
      00002F AE C3 4F         [ 2]  181 	ldw	x, #0xc34f
                                    182 ; genSend
      000032 A6 07            [ 1]  183 	ld	a, #0x07
                                    184 ; genCall
      000034 CDr00r00         [ 4]  185 	call	_TIM3_TimeBaseInit
                                    186 ;	./src/main.c: 28: TIM3_Cmd(ENABLE);
                                    187 ; genSend
      000037 A6 01            [ 1]  188 	ld	a, #0x01
                                    189 ; genCall
      000039 CDr00r00         [ 4]  190 	call	_TIM3_Cmd
                                    191 ;	./src/main.c: 29: TIM3_ITConfig(TIM3_IT_UPDATE, ENABLE);
                                    192 ; genIPush
      00003C 4B 01            [ 1]  193 	push	#0x01
                                    194 ; genSend
      00003E A6 01            [ 1]  195 	ld	a, #0x01
                                    196 ; genCall
      000040 CDr00r00         [ 4]  197 	call	_TIM3_ITConfig
                                    198 ;	./src/main.c: 30: enableInterrupts();
                                    199 ;	genInline
      000043 9A               [ 1]  200 	rim
                                    201 ; genLabel
      000044                        202 00101$:
                                    203 ;	./src/main.c: 31: }
                                    204 ; genEndFunction
      000044 81               [ 4]  205 	ret
                                    206 ;	./src/main.c: 35: int main(void)
                                    207 ; genLabel
                                    208 ;	-----------------------------------------
                                    209 ;	 function main
                                    210 ;	-----------------------------------------
                                    211 ;	Register assignment might be sub-optimal.
                                    212 ;	Stack space usage: 13 bytes.
      000045                        213 _main:
      000045 52 0D            [ 2]  214 	sub	sp, #13
                                    215 ;	./src/main.c: 38: uint32_t time = 0;
                                    216 ; genAssign
      000047 5F               [ 1]  217 	clrw	x
      000048 1F 03            [ 2]  218 	ldw	(0x03, sp), x
      00004A 1F 01            [ 2]  219 	ldw	(0x01, sp), x
                                    220 ;	./src/main.c: 39: bool btn_is_press = false;
                                    221 ; genAssign
      00004C 0F 05            [ 1]  222 	clr	(0x05, sp)
                                    223 ;	./src/main.c: 42: init();
                                    224 ; genCall
      00004E CDr00r00         [ 4]  225 	call	_init
                                    226 ;	./src/main.c: 44: while (1) {
                                    227 ; genLabel
      000051                        228 00109$:
                                    229 ;	./src/main.c: 45: if (milis() - time > 33) {
                                    230 ; genCall
      000051 CDr00r00         [ 4]  231 	call	_milis
      000054 1F 08            [ 2]  232 	ldw	(0x08, sp), x
      000056 17 06            [ 2]  233 	ldw	(0x06, sp), y
                                    234 ; genMinus
      000058 1E 08            [ 2]  235 	ldw	x, (0x08, sp)
      00005A 72 F0 03         [ 2]  236 	subw	x, (0x03, sp)
      00005D 1F 0C            [ 2]  237 	ldw	(0x0c, sp), x
      00005F 7B 07            [ 1]  238 	ld	a, (0x07, sp)
      000061 12 02            [ 1]  239 	sbc	a, (0x02, sp)
      000063 6B 0B            [ 1]  240 	ld	(0x0b, sp), a
      000065 7B 06            [ 1]  241 	ld	a, (0x06, sp)
      000067 12 01            [ 1]  242 	sbc	a, (0x01, sp)
      000069 6B 0A            [ 1]  243 	ld	(0x0a, sp), a
                                    244 ; genCmp
                                    245 ; genCmpTnz
      00006B AE 00 21         [ 2]  246 	ldw	x, #0x0021
      00006E 13 0C            [ 2]  247 	cpw	x, (0x0c, sp)
      000070 4F               [ 1]  248 	clr	a
      000071 12 0B            [ 1]  249 	sbc	a, (0x0b, sp)
      000073 4F               [ 1]  250 	clr	a
      000074 12 0A            [ 1]  251 	sbc	a, (0x0a, sp)
      000076 25 03            [ 1]  252 	jrc	00148$
      000078 CCr00r51         [ 2]  253 	jp	00109$
      00007B                        254 00148$:
                                    255 ; skipping generated iCode
                                    256 ;	./src/main.c: 46: time = milis();
                                    257 ; genCall
      00007B CDr00r00         [ 4]  258 	call	_milis
      00007E 1F 03            [ 2]  259 	ldw	(0x03, sp), x
      000080 17 01            [ 2]  260 	ldw	(0x01, sp), y
                                    261 ;	./src/main.c: 48: if (PUSH(DB_S1) && !btn_is_press) {
                                    262 ; genSend
      000082 A6 04            [ 1]  263 	ld	a, #0x04
                                    264 ; genSend
      000084 AE 50 05         [ 2]  265 	ldw	x, #0x5005
                                    266 ; genCall
      000087 CDr00r00         [ 4]  267 	call	_GPIO_ReadInputPin
                                    268 ; genIfx
      00008A 4D               [ 1]  269 	tnz	a
      00008B 27 03            [ 1]  270 	jreq	00149$
      00008D CCr00rAC         [ 2]  271 	jp	00104$
      000090                        272 00149$:
                                    273 ; genIfx
      000090 0D 05            [ 1]  274 	tnz	(0x05, sp)
      000092 27 03            [ 1]  275 	jreq	00150$
      000094 CCr00rAC         [ 2]  276 	jp	00104$
      000097                        277 00150$:
                                    278 ;	./src/main.c: 49: ledpointer += 1;
                                    279 ; genCast
                                    280 ; genAssign
      000097 C6u00u00         [ 1]  281 	ld	a, _ledpointer+0
                                    282 ; genPlus
      00009A 4C               [ 1]  283 	inc	a
      00009B C7u00u00         [ 1]  284 	ld	_ledpointer+0, a
                                    285 ;	./src/main.c: 50: if (ledpointer > 2) {
                                    286 ; genCmp
                                    287 ; genCmpTnz
      00009E C6u00u00         [ 1]  288 	ld	a, _ledpointer+0
      0000A1 A1 02            [ 1]  289 	cp	a, #0x02
      0000A3 22 03            [ 1]  290 	jrugt	00151$
      0000A5 CCr00rAC         [ 2]  291 	jp	00104$
      0000A8                        292 00151$:
                                    293 ; skipping generated iCode
                                    294 ;	./src/main.c: 51: ledpointer = 0;
                                    295 ; genAssign
      0000A8 72 5Fu00u00      [ 1]  296 	clr	_ledpointer+0
                                    297 ; genLabel
      0000AC                        298 00104$:
                                    299 ;	./src/main.c: 54: btn_is_press = PUSH(DB_S1);
                                    300 ; genSend
      0000AC A6 04            [ 1]  301 	ld	a, #0x04
                                    302 ; genSend
      0000AE AE 50 05         [ 2]  303 	ldw	x, #0x5005
                                    304 ; genCall
      0000B1 CDr00r00         [ 4]  305 	call	_GPIO_ReadInputPin
                                    306 ; genNot
      0000B4 A8 01            [ 1]  307 	xor	a, #0x01
      0000B6 6B 05            [ 1]  308 	ld	(0x05, sp), a
                                    309 ; genGoto
      0000B8 CCr00r51         [ 2]  310 	jp	00109$
                                    311 ; genLabel
      0000BB                        312 00111$:
                                    313 ;	./src/main.c: 57: }
                                    314 ; genEndFunction
      0000BB 5B 0D            [ 2]  315 	addw	sp, #13
      0000BD 81               [ 4]  316 	ret
                                    317 	.area CODE
                                    318 	.area CONST
                                    319 	.area INITIALIZER
      000000                        320 __xinit__ledpointer:
      000000 00                     321 	.db #0x00	; 0
                                    322 	.area CABS (ABS)
