                                      1 ;--------------------------------------------------------
                                      2 ; File Created by SDCC : free open source ISO C Compiler 
                                      3 ; Version 4.4.0 #14620 (Linux)
                                      4 ;--------------------------------------------------------
                                      5 	.module stm8s_it
                                      6 	.optsdcc -mstm8
                                      7 	
                                      8 ;--------------------------------------------------------
                                      9 ; Public variables in this module
                                     10 ;--------------------------------------------------------
                                     11 	.globl _TIM4_ClearFlag
                                     12 	.globl _TIM3_ClearFlag
                                     13 	.globl _GPIO_WriteReverse
                                     14 	.globl _GPIO_WriteLow
                                     15 	.globl _TRAP_IRQHandler
                                     16 	.globl _TLI_IRQHandler
                                     17 	.globl _AWU_IRQHandler
                                     18 	.globl _CLK_IRQHandler
                                     19 	.globl _EXTI_PORTA_IRQHandler
                                     20 	.globl _EXTI_PORTB_IRQHandler
                                     21 	.globl _EXTI_PORTC_IRQHandler
                                     22 	.globl _EXTI_PORTD_IRQHandler
                                     23 	.globl _EXTI_PORTE_IRQHandler
                                     24 	.globl _CAN_RX_IRQHandler
                                     25 	.globl _CAN_TX_IRQHandler
                                     26 	.globl _SPI_IRQHandler
                                     27 	.globl _TIM1_UPD_OVF_TRG_BRK_IRQHandler
                                     28 	.globl _TIM1_CAP_COM_IRQHandler
                                     29 	.globl _TIM2_UPD_OVF_BRK_IRQHandler
                                     30 	.globl _TIM2_CAP_COM_IRQHandler
                                     31 	.globl _TIM3_UPD_OVF_BRK_IRQHandler
                                     32 	.globl _TIM3_CAP_COM_IRQHandler
                                     33 	.globl _UART1_TX_IRQHandler
                                     34 	.globl _UART1_RX_IRQHandler
                                     35 	.globl _I2C_IRQHandler
                                     36 	.globl _UART3_TX_IRQHandler
                                     37 	.globl _UART3_RX_IRQHandler
                                     38 	.globl _ADC2_IRQHandler
                                     39 	.globl _TIM4_UPD_OVF_IRQHandler
                                     40 	.globl _EEPROM_EEC_IRQHandler
                                     41 ;--------------------------------------------------------
                                     42 ; ram data
                                     43 ;--------------------------------------------------------
                                     44 	.area DATA
                                     45 ;--------------------------------------------------------
                                     46 ; ram data
                                     47 ;--------------------------------------------------------
                                     48 	.area INITIALIZED
                                     49 ;--------------------------------------------------------
                                     50 ; absolute external ram data
                                     51 ;--------------------------------------------------------
                                     52 	.area DABS (ABS)
                                     53 
                                     54 ; default segment ordering for linker
                                     55 	.area HOME
                                     56 	.area GSINIT
                                     57 	.area GSFINAL
                                     58 	.area CONST
                                     59 	.area INITIALIZER
                                     60 	.area CODE
                                     61 
                                     62 ;--------------------------------------------------------
                                     63 ; global & static initialisations
                                     64 ;--------------------------------------------------------
                                     65 	.area HOME
                                     66 	.area GSINIT
                                     67 	.area GSFINAL
                                     68 	.area GSINIT
                                     69 ;--------------------------------------------------------
                                     70 ; Home
                                     71 ;--------------------------------------------------------
                                     72 	.area HOME
                                     73 	.area HOME
                                     74 ;--------------------------------------------------------
                                     75 ; code
                                     76 ;--------------------------------------------------------
                                     77 	.area CODE
                                     78 ;	./src/stm8s_it.c: 67: INTERRUPT_HANDLER_TRAP(TRAP_IRQHandler)
                                     79 ; genLabel
                                     80 ;	-----------------------------------------
                                     81 ;	 function TRAP_IRQHandler
                                     82 ;	-----------------------------------------
                                     83 ;	Register assignment is optimal.
                                     84 ;	Stack space usage: 0 bytes.
      000000                         85 _TRAP_IRQHandler:
                                     86 ;	./src/stm8s_it.c: 72: }
                                     87 ; genLabel
      000000                         88 00101$:
                                     89 ; genEndFunction
      000000 80               [11]   90 	iret
                                     91 ;	./src/stm8s_it.c: 78: INTERRUPT_HANDLER(TLI_IRQHandler, 0)
                                     92 ; genLabel
                                     93 ;	-----------------------------------------
                                     94 ;	 function TLI_IRQHandler
                                     95 ;	-----------------------------------------
                                     96 ;	Register assignment is optimal.
                                     97 ;	Stack space usage: 0 bytes.
      000001                         98 _TLI_IRQHandler:
                                     99 ;	./src/stm8s_it.c: 83: }
                                    100 ; genLabel
      000001                        101 00101$:
                                    102 ; genEndFunction
      000001 80               [11]  103 	iret
                                    104 ;	./src/stm8s_it.c: 90: INTERRUPT_HANDLER(AWU_IRQHandler, 1)
                                    105 ; genLabel
                                    106 ;	-----------------------------------------
                                    107 ;	 function AWU_IRQHandler
                                    108 ;	-----------------------------------------
                                    109 ;	Register assignment is optimal.
                                    110 ;	Stack space usage: 0 bytes.
      000002                        111 _AWU_IRQHandler:
                                    112 ;	./src/stm8s_it.c: 95: }
                                    113 ; genLabel
      000002                        114 00101$:
                                    115 ; genEndFunction
      000002 80               [11]  116 	iret
                                    117 ;	./src/stm8s_it.c: 102: INTERRUPT_HANDLER(CLK_IRQHandler, 2)
                                    118 ; genLabel
                                    119 ;	-----------------------------------------
                                    120 ;	 function CLK_IRQHandler
                                    121 ;	-----------------------------------------
                                    122 ;	Register assignment is optimal.
                                    123 ;	Stack space usage: 0 bytes.
      000003                        124 _CLK_IRQHandler:
                                    125 ;	./src/stm8s_it.c: 107: }
                                    126 ; genLabel
      000003                        127 00101$:
                                    128 ; genEndFunction
      000003 80               [11]  129 	iret
                                    130 ;	./src/stm8s_it.c: 114: INTERRUPT_HANDLER(EXTI_PORTA_IRQHandler, 3)
                                    131 ; genLabel
                                    132 ;	-----------------------------------------
                                    133 ;	 function EXTI_PORTA_IRQHandler
                                    134 ;	-----------------------------------------
                                    135 ;	Register assignment is optimal.
                                    136 ;	Stack space usage: 0 bytes.
      000004                        137 _EXTI_PORTA_IRQHandler:
                                    138 ;	./src/stm8s_it.c: 119: }
                                    139 ; genLabel
      000004                        140 00101$:
                                    141 ; genEndFunction
      000004 80               [11]  142 	iret
                                    143 ;	./src/stm8s_it.c: 126: INTERRUPT_HANDLER(EXTI_PORTB_IRQHandler, 4)
                                    144 ; genLabel
                                    145 ;	-----------------------------------------
                                    146 ;	 function EXTI_PORTB_IRQHandler
                                    147 ;	-----------------------------------------
                                    148 ;	Register assignment is optimal.
                                    149 ;	Stack space usage: 0 bytes.
      000005                        150 _EXTI_PORTB_IRQHandler:
                                    151 ;	./src/stm8s_it.c: 131: }
                                    152 ; genLabel
      000005                        153 00101$:
                                    154 ; genEndFunction
      000005 80               [11]  155 	iret
                                    156 ;	./src/stm8s_it.c: 138: INTERRUPT_HANDLER(EXTI_PORTC_IRQHandler, 5)
                                    157 ; genLabel
                                    158 ;	-----------------------------------------
                                    159 ;	 function EXTI_PORTC_IRQHandler
                                    160 ;	-----------------------------------------
                                    161 ;	Register assignment is optimal.
                                    162 ;	Stack space usage: 0 bytes.
      000006                        163 _EXTI_PORTC_IRQHandler:
                                    164 ;	./src/stm8s_it.c: 143: }
                                    165 ; genLabel
      000006                        166 00101$:
                                    167 ; genEndFunction
      000006 80               [11]  168 	iret
                                    169 ;	./src/stm8s_it.c: 150: INTERRUPT_HANDLER(EXTI_PORTD_IRQHandler, 6)
                                    170 ; genLabel
                                    171 ;	-----------------------------------------
                                    172 ;	 function EXTI_PORTD_IRQHandler
                                    173 ;	-----------------------------------------
                                    174 ;	Register assignment is optimal.
                                    175 ;	Stack space usage: 0 bytes.
      000007                        176 _EXTI_PORTD_IRQHandler:
                                    177 ;	./src/stm8s_it.c: 155: }
                                    178 ; genLabel
      000007                        179 00101$:
                                    180 ; genEndFunction
      000007 80               [11]  181 	iret
                                    182 ;	./src/stm8s_it.c: 162: INTERRUPT_HANDLER(EXTI_PORTE_IRQHandler, 7)
                                    183 ; genLabel
                                    184 ;	-----------------------------------------
                                    185 ;	 function EXTI_PORTE_IRQHandler
                                    186 ;	-----------------------------------------
                                    187 ;	Register assignment is optimal.
                                    188 ;	Stack space usage: 0 bytes.
      000008                        189 _EXTI_PORTE_IRQHandler:
                                    190 ;	./src/stm8s_it.c: 167: }
                                    191 ; genLabel
      000008                        192 00101$:
                                    193 ; genEndFunction
      000008 80               [11]  194 	iret
                                    195 ;	./src/stm8s_it.c: 188: INTERRUPT_HANDLER(CAN_RX_IRQHandler, 8)
                                    196 ; genLabel
                                    197 ;	-----------------------------------------
                                    198 ;	 function CAN_RX_IRQHandler
                                    199 ;	-----------------------------------------
                                    200 ;	Register assignment is optimal.
                                    201 ;	Stack space usage: 0 bytes.
      000009                        202 _CAN_RX_IRQHandler:
                                    203 ;	./src/stm8s_it.c: 193: }
                                    204 ; genLabel
      000009                        205 00101$:
                                    206 ; genEndFunction
      000009 80               [11]  207 	iret
                                    208 ;	./src/stm8s_it.c: 200: INTERRUPT_HANDLER(CAN_TX_IRQHandler, 9)
                                    209 ; genLabel
                                    210 ;	-----------------------------------------
                                    211 ;	 function CAN_TX_IRQHandler
                                    212 ;	-----------------------------------------
                                    213 ;	Register assignment is optimal.
                                    214 ;	Stack space usage: 0 bytes.
      00000A                        215 _CAN_TX_IRQHandler:
                                    216 ;	./src/stm8s_it.c: 205: }
                                    217 ; genLabel
      00000A                        218 00101$:
                                    219 ; genEndFunction
      00000A 80               [11]  220 	iret
                                    221 ;	./src/stm8s_it.c: 213: INTERRUPT_HANDLER(SPI_IRQHandler, 10)
                                    222 ; genLabel
                                    223 ;	-----------------------------------------
                                    224 ;	 function SPI_IRQHandler
                                    225 ;	-----------------------------------------
                                    226 ;	Register assignment is optimal.
                                    227 ;	Stack space usage: 0 bytes.
      00000B                        228 _SPI_IRQHandler:
                                    229 ;	./src/stm8s_it.c: 218: }
                                    230 ; genLabel
      00000B                        231 00101$:
                                    232 ; genEndFunction
      00000B 80               [11]  233 	iret
                                    234 ;	./src/stm8s_it.c: 225: INTERRUPT_HANDLER(TIM1_UPD_OVF_TRG_BRK_IRQHandler, 11)
                                    235 ; genLabel
                                    236 ;	-----------------------------------------
                                    237 ;	 function TIM1_UPD_OVF_TRG_BRK_IRQHandler
                                    238 ;	-----------------------------------------
                                    239 ;	Register assignment is optimal.
                                    240 ;	Stack space usage: 0 bytes.
      00000C                        241 _TIM1_UPD_OVF_TRG_BRK_IRQHandler:
                                    242 ;	./src/stm8s_it.c: 230: }
                                    243 ; genLabel
      00000C                        244 00101$:
                                    245 ; genEndFunction
      00000C 80               [11]  246 	iret
                                    247 ;	./src/stm8s_it.c: 237: INTERRUPT_HANDLER(TIM1_CAP_COM_IRQHandler, 12)
                                    248 ; genLabel
                                    249 ;	-----------------------------------------
                                    250 ;	 function TIM1_CAP_COM_IRQHandler
                                    251 ;	-----------------------------------------
                                    252 ;	Register assignment is optimal.
                                    253 ;	Stack space usage: 0 bytes.
      00000D                        254 _TIM1_CAP_COM_IRQHandler:
                                    255 ;	./src/stm8s_it.c: 242: }
                                    256 ; genLabel
      00000D                        257 00101$:
                                    258 ; genEndFunction
      00000D 80               [11]  259 	iret
                                    260 ;	./src/stm8s_it.c: 275: INTERRUPT_HANDLER(TIM2_UPD_OVF_BRK_IRQHandler, 13)
                                    261 ; genLabel
                                    262 ;	-----------------------------------------
                                    263 ;	 function TIM2_UPD_OVF_BRK_IRQHandler
                                    264 ;	-----------------------------------------
                                    265 ;	Register assignment is optimal.
                                    266 ;	Stack space usage: 0 bytes.
      00000E                        267 _TIM2_UPD_OVF_BRK_IRQHandler:
                                    268 ;	./src/stm8s_it.c: 280: }
                                    269 ; genLabel
      00000E                        270 00101$:
                                    271 ; genEndFunction
      00000E 80               [11]  272 	iret
                                    273 ;	./src/stm8s_it.c: 287: INTERRUPT_HANDLER(TIM2_CAP_COM_IRQHandler, 14)
                                    274 ; genLabel
                                    275 ;	-----------------------------------------
                                    276 ;	 function TIM2_CAP_COM_IRQHandler
                                    277 ;	-----------------------------------------
                                    278 ;	Register assignment is optimal.
                                    279 ;	Stack space usage: 0 bytes.
      00000F                        280 _TIM2_CAP_COM_IRQHandler:
                                    281 ;	./src/stm8s_it.c: 292: }
                                    282 ; genLabel
      00000F                        283 00101$:
                                    284 ; genEndFunction
      00000F 80               [11]  285 	iret
                                    286 ;	./src/stm8s_it.c: 303: INTERRUPT_HANDLER(TIM3_UPD_OVF_BRK_IRQHandler, 15)
                                    287 ; genLabel
                                    288 ;	-----------------------------------------
                                    289 ;	 function TIM3_UPD_OVF_BRK_IRQHandler
                                    290 ;	-----------------------------------------
                                    291 ;	Register assignment is optimal.
                                    292 ;	Stack space usage: 0 bytes.
      000010                        293 _TIM3_UPD_OVF_BRK_IRQHandler:
                                    294 ;	Reset bit 6 of reg CC. Hardware bug workaround.
      000010 62               [ 2]  295 	div	x, a
                                    296 ;	./src/stm8s_it.c: 305: TIM3_ClearFlag(TIM3_FLAG_UPDATE);
                                    297 ; genSend
      000011 5F               [ 1]  298 	clrw	x
      000012 5C               [ 1]  299 	incw	x
                                    300 ; genCall
      000013 CDr00r00         [ 4]  301 	call	_TIM3_ClearFlag
                                    302 ;	./src/stm8s_it.c: 307: if (ledpointer == 0) {
                                    303 ; genIfx
      000016 72 5Du00u00      [ 1]  304 	tnz	_ledpointer+0
      00001A 27 03            [ 1]  305 	jreq	00130$
      00001C CCr00r37         [ 2]  306 	jp	00102$
      00001F                        307 00130$:
                                    308 ;	./src/stm8s_it.c: 308: REVERSE(DB_LED1);
                                    309 ; genSend
      00001F A6 01            [ 1]  310 	ld	a, #0x01
                                    311 ; genSend
      000021 AE 50 1E         [ 2]  312 	ldw	x, #0x501e
                                    313 ; genCall
      000024 CDr00r00         [ 4]  314 	call	_GPIO_WriteReverse
                                    315 ;	./src/stm8s_it.c: 309: LOW(DB_LED6);
                                    316 ; genSend
      000027 A6 20            [ 1]  317 	ld	a, #0x20
                                    318 ; genSend
      000029 AE 50 1E         [ 2]  319 	ldw	x, #0x501e
                                    320 ; genCall
      00002C CDr00r00         [ 4]  321 	call	_GPIO_WriteLow
                                    322 ;	./src/stm8s_it.c: 310: LOW(DB_LED8);
                                    323 ; genSend
      00002F A6 80            [ 1]  324 	ld	a, #0x80
                                    325 ; genSend
      000031 AE 50 1E         [ 2]  326 	ldw	x, #0x501e
                                    327 ; genCall
      000034 CDr00r00         [ 4]  328 	call	_GPIO_WriteLow
                                    329 ; genLabel
      000037                        330 00102$:
                                    331 ;	./src/stm8s_it.c: 312: if (ledpointer == 1){
                                    332 ; genCmpEQorNE
      000037 C6u00u00         [ 1]  333 	ld	a, _ledpointer+0
      00003A 4A               [ 1]  334 	dec	a
      00003B 26 03            [ 1]  335 	jrne	00132$
      00003D CCr00r43         [ 2]  336 	jp	00133$
      000040                        337 00132$:
      000040 CCr00r5B         [ 2]  338 	jp	00104$
      000043                        339 00133$:
                                    340 ; skipping generated iCode
                                    341 ;	./src/stm8s_it.c: 313: REVERSE(DB_LED6);
                                    342 ; genSend
      000043 A6 20            [ 1]  343 	ld	a, #0x20
                                    344 ; genSend
      000045 AE 50 1E         [ 2]  345 	ldw	x, #0x501e
                                    346 ; genCall
      000048 CDr00r00         [ 4]  347 	call	_GPIO_WriteReverse
                                    348 ;	./src/stm8s_it.c: 314: LOW(DB_LED8);
                                    349 ; genSend
      00004B A6 80            [ 1]  350 	ld	a, #0x80
                                    351 ; genSend
      00004D AE 50 1E         [ 2]  352 	ldw	x, #0x501e
                                    353 ; genCall
      000050 CDr00r00         [ 4]  354 	call	_GPIO_WriteLow
                                    355 ;	./src/stm8s_it.c: 315: LOW(DB_LED1);
                                    356 ; genSend
      000053 A6 01            [ 1]  357 	ld	a, #0x01
                                    358 ; genSend
      000055 AE 50 1E         [ 2]  359 	ldw	x, #0x501e
                                    360 ; genCall
      000058 CDr00r00         [ 4]  361 	call	_GPIO_WriteLow
                                    362 ; genLabel
      00005B                        363 00104$:
                                    364 ;	./src/stm8s_it.c: 317: if (ledpointer == 2){
                                    365 ; genCmpEQorNE
      00005B C6u00u00         [ 1]  366 	ld	a, _ledpointer+0
      00005E A1 02            [ 1]  367 	cp	a, #0x02
      000060 26 03            [ 1]  368 	jrne	00135$
      000062 CCr00r68         [ 2]  369 	jp	00136$
      000065                        370 00135$:
      000065 CCr00r80         [ 2]  371 	jp	00107$
      000068                        372 00136$:
                                    373 ; skipping generated iCode
                                    374 ;	./src/stm8s_it.c: 318: REVERSE(DB_LED8);
                                    375 ; genSend
      000068 A6 80            [ 1]  376 	ld	a, #0x80
                                    377 ; genSend
      00006A AE 50 1E         [ 2]  378 	ldw	x, #0x501e
                                    379 ; genCall
      00006D CDr00r00         [ 4]  380 	call	_GPIO_WriteReverse
                                    381 ;	./src/stm8s_it.c: 319: LOW(DB_LED1);
                                    382 ; genSend
      000070 A6 01            [ 1]  383 	ld	a, #0x01
                                    384 ; genSend
      000072 AE 50 1E         [ 2]  385 	ldw	x, #0x501e
                                    386 ; genCall
      000075 CDr00r00         [ 4]  387 	call	_GPIO_WriteLow
                                    388 ;	./src/stm8s_it.c: 320: LOW(DB_LED6);
                                    389 ; genSend
      000078 A6 20            [ 1]  390 	ld	a, #0x20
                                    391 ; genSend
      00007A AE 50 1E         [ 2]  392 	ldw	x, #0x501e
                                    393 ; genCall
      00007D CDr00r00         [ 4]  394 	call	_GPIO_WriteLow
                                    395 ; genLabel
      000080                        396 00107$:
                                    397 ;	./src/stm8s_it.c: 323: }
                                    398 ; genEndFunction
      000080 80               [11]  399 	iret
                                    400 ;	./src/stm8s_it.c: 329: INTERRUPT_HANDLER(TIM3_CAP_COM_IRQHandler, 16)
                                    401 ; genLabel
                                    402 ;	-----------------------------------------
                                    403 ;	 function TIM3_CAP_COM_IRQHandler
                                    404 ;	-----------------------------------------
                                    405 ;	Register assignment is optimal.
                                    406 ;	Stack space usage: 0 bytes.
      000081                        407 _TIM3_CAP_COM_IRQHandler:
                                    408 ;	./src/stm8s_it.c: 334: }
                                    409 ; genLabel
      000081                        410 00101$:
                                    411 ; genEndFunction
      000081 80               [11]  412 	iret
                                    413 ;	./src/stm8s_it.c: 346: INTERRUPT_HANDLER(UART1_TX_IRQHandler, 17)
                                    414 ; genLabel
                                    415 ;	-----------------------------------------
                                    416 ;	 function UART1_TX_IRQHandler
                                    417 ;	-----------------------------------------
                                    418 ;	Register assignment is optimal.
                                    419 ;	Stack space usage: 0 bytes.
      000082                        420 _UART1_TX_IRQHandler:
                                    421 ;	./src/stm8s_it.c: 351: }
                                    422 ; genLabel
      000082                        423 00101$:
                                    424 ; genEndFunction
      000082 80               [11]  425 	iret
                                    426 ;	./src/stm8s_it.c: 358: INTERRUPT_HANDLER(UART1_RX_IRQHandler, 18)
                                    427 ; genLabel
                                    428 ;	-----------------------------------------
                                    429 ;	 function UART1_RX_IRQHandler
                                    430 ;	-----------------------------------------
                                    431 ;	Register assignment is optimal.
                                    432 ;	Stack space usage: 0 bytes.
      000083                        433 _UART1_RX_IRQHandler:
                                    434 ;	./src/stm8s_it.c: 363: }
                                    435 ; genLabel
      000083                        436 00101$:
                                    437 ; genEndFunction
      000083 80               [11]  438 	iret
                                    439 ;	./src/stm8s_it.c: 371: INTERRUPT_HANDLER(I2C_IRQHandler, 19)
                                    440 ; genLabel
                                    441 ;	-----------------------------------------
                                    442 ;	 function I2C_IRQHandler
                                    443 ;	-----------------------------------------
                                    444 ;	Register assignment is optimal.
                                    445 ;	Stack space usage: 0 bytes.
      000084                        446 _I2C_IRQHandler:
                                    447 ;	./src/stm8s_it.c: 376: }
                                    448 ; genLabel
      000084                        449 00101$:
                                    450 ; genEndFunction
      000084 80               [11]  451 	iret
                                    452 ;	./src/stm8s_it.c: 411: INTERRUPT_HANDLER(UART3_TX_IRQHandler, 20)
                                    453 ; genLabel
                                    454 ;	-----------------------------------------
                                    455 ;	 function UART3_TX_IRQHandler
                                    456 ;	-----------------------------------------
                                    457 ;	Register assignment is optimal.
                                    458 ;	Stack space usage: 0 bytes.
      000085                        459 _UART3_TX_IRQHandler:
                                    460 ;	./src/stm8s_it.c: 416: }
                                    461 ; genLabel
      000085                        462 00101$:
                                    463 ; genEndFunction
      000085 80               [11]  464 	iret
                                    465 ;	./src/stm8s_it.c: 423: INTERRUPT_HANDLER(UART3_RX_IRQHandler, 21)
                                    466 ; genLabel
                                    467 ;	-----------------------------------------
                                    468 ;	 function UART3_RX_IRQHandler
                                    469 ;	-----------------------------------------
                                    470 ;	Register assignment is optimal.
                                    471 ;	Stack space usage: 0 bytes.
      000086                        472 _UART3_RX_IRQHandler:
                                    473 ;	./src/stm8s_it.c: 428: }
                                    474 ; genLabel
      000086                        475 00101$:
                                    476 ; genEndFunction
      000086 80               [11]  477 	iret
                                    478 ;	./src/stm8s_it.c: 438: INTERRUPT_HANDLER(ADC2_IRQHandler, 22)
                                    479 ; genLabel
                                    480 ;	-----------------------------------------
                                    481 ;	 function ADC2_IRQHandler
                                    482 ;	-----------------------------------------
                                    483 ;	Register assignment is optimal.
                                    484 ;	Stack space usage: 0 bytes.
      000087                        485 _ADC2_IRQHandler:
                                    486 ;	./src/stm8s_it.c: 444: return;
                                    487 ; genReturn
                                    488 ; genLabel
      000087                        489 00101$:
                                    490 ;	./src/stm8s_it.c: 445: }
                                    491 ; genEndFunction
      000087 80               [11]  492 	iret
                                    493 ;	./src/stm8s_it.c: 494: INTERRUPT_HANDLER(TIM4_UPD_OVF_IRQHandler, 23)
                                    494 ; genLabel
                                    495 ;	-----------------------------------------
                                    496 ;	 function TIM4_UPD_OVF_IRQHandler
                                    497 ;	-----------------------------------------
                                    498 ;	Register assignment might be sub-optimal.
                                    499 ;	Stack space usage: 0 bytes.
      000088                        500 _TIM4_UPD_OVF_IRQHandler:
                                    501 ;	Reset bit 6 of reg CC. Hardware bug workaround.
      000088 62               [ 2]  502 	div	x, a
                                    503 ;	./src/stm8s_it.c: 496: TIM4_ClearFlag(TIM4_FLAG_UPDATE);
                                    504 ; genSend
      000089 A6 01            [ 1]  505 	ld	a, #0x01
                                    506 ; genCall
      00008B CDr00r00         [ 4]  507 	call	_TIM4_ClearFlag
                                    508 ;	./src/stm8s_it.c: 497: miliseconds++;
                                    509 ; genAssign
      00008E CEu00u02         [ 2]  510 	ldw	x, _miliseconds+2
      000091 90 CEu00u00      [ 2]  511 	ldw	y, _miliseconds+0
                                    512 ; genPlus
      000095 5C               [ 1]  513 	incw	x
      000096 26 02            [ 1]  514 	jrne	00103$
      000098 90 5C            [ 1]  515 	incw	y
      00009A                        516 00103$:
                                    517 ; genAssign
      00009A CFu00u02         [ 2]  518 	ldw	_miliseconds+2, x
      00009D 90 CFu00u00      [ 2]  519 	ldw	_miliseconds+0, y
                                    520 ; genLabel
      0000A1                        521 00101$:
                                    522 ;	./src/stm8s_it.c: 498: }
                                    523 ; genEndFunction
      0000A1 80               [11]  524 	iret
                                    525 ;	./src/stm8s_it.c: 506: INTERRUPT_HANDLER(EEPROM_EEC_IRQHandler, 24)
                                    526 ; genLabel
                                    527 ;	-----------------------------------------
                                    528 ;	 function EEPROM_EEC_IRQHandler
                                    529 ;	-----------------------------------------
                                    530 ;	Register assignment is optimal.
                                    531 ;	Stack space usage: 0 bytes.
      0000A2                        532 _EEPROM_EEC_IRQHandler:
                                    533 ;	./src/stm8s_it.c: 511: }
                                    534 ; genLabel
      0000A2                        535 00101$:
                                    536 ; genEndFunction
      0000A2 80               [11]  537 	iret
                                    538 	.area CODE
                                    539 	.area CONST
                                    540 	.area INITIALIZER
                                    541 	.area CABS (ABS)
